C:/Users/thann/OneDrive/Desktop/D/FRA231/LAB2/V3/Src/mc_interface.c:77:13:MCI_ExecSpeedRamp	0	static
C:/Users/thann/OneDrive/Desktop/D/FRA231/LAB2/V3/Src/mc_interface.c:127:13:MCI_ExecSpeedRamp_F	8	static
C:/Users/thann/OneDrive/Desktop/D/FRA231/LAB2/V3/Src/mc_interface.c:320:13:MCI_FaultProcessing	0	static
C:/Users/thann/OneDrive/Desktop/D/FRA231/LAB2/V3/Src/mc_interface.c:345:13:MCI_ExecBufferedCommands	8	static
C:/Users/thann/OneDrive/Desktop/D/FRA231/LAB2/V3/Src/mc_interface.c:402:27:MCI_IsCommandAcknowledged	0	static
C:/Users/thann/OneDrive/Desktop/D/FRA231/LAB2/V3/Src/mc_interface.c:434:20:MCI_GetSTMState	0	static
C:/Users/thann/OneDrive/Desktop/D/FRA231/LAB2/V3/Src/mc_interface.c:455:17:MCI_GetOccurredFaults	0	static
C:/Users/thann/OneDrive/Desktop/D/FRA231/LAB2/V3/Src/mc_interface.c:475:17:MCI_GetCurrentFaults	0	static
C:/Users/thann/OneDrive/Desktop/D/FRA231/LAB2/V3/Src/mc_interface.c:185:13:MCI_StartMotor	8	static
C:/Users/thann/OneDrive/Desktop/D/FRA231/LAB2/V3/Src/mc_interface.c:230:13:MCI_StopMotor	16	static
C:/Users/thann/OneDrive/Desktop/D/FRA231/LAB2/V3/Src/mc_interface.c:285:13:MCI_FaultAcknowledged	8	static
C:/Users/thann/OneDrive/Desktop/D/FRA231/LAB2/V3/Src/mc_interface.c:499:17:MCI_GetFaultState	0	static
C:/Users/thann/OneDrive/Desktop/D/FRA231/LAB2/V3/Src/mc_interface.c:524:25:MCI_GetControlMode	0	static
C:/Users/thann/OneDrive/Desktop/D/FRA231/LAB2/V3/Src/mc_interface.c:540:16:MCI_GetImposedMotorDirection	0	static
C:/Users/thann/OneDrive/Desktop/D/FRA231/LAB2/V3/Src/mc_interface.c:583:16:MCI_GetLastRampFinalSpeed	0	static
C:/Users/thann/OneDrive/Desktop/D/FRA231/LAB2/V3/Src/mc_interface.c:608:17:MCI_GetLastRampFinalDuration	0	static
C:/Users/thann/OneDrive/Desktop/D/FRA231/LAB2/V3/Src/mc_interface.c:632:16:MCI_GetLastRampFinalSpeed_F	0	static
C:/Users/thann/OneDrive/Desktop/D/FRA231/LAB2/V3/Src/mc_interface.c:652:13:MCI_RampCompleted	8	static
C:/Users/thann/OneDrive/Desktop/D/FRA231/LAB2/V3/Src/mc_interface.c:685:13:MCI_StopSpeedRamp	0	static
C:/Users/thann/OneDrive/Desktop/D/FRA231/LAB2/V3/Src/mc_interface.c:698:13:MCI_StopRamp	0	static
C:/Users/thann/OneDrive/Desktop/D/FRA231/LAB2/V3/Src/mc_interface.c:722:13:MCI_GetSpdSensorReliability	0	static
C:/Users/thann/OneDrive/Desktop/D/FRA231/LAB2/V3/Src/mc_interface.c:748:16:MCI_GetAvrgMecSpeedUnit	0	static
C:/Users/thann/OneDrive/Desktop/D/FRA231/LAB2/V3/Src/mc_interface.c:772:16:MCI_GetAvrgMecSpeed_F	8	static
C:/Users/thann/OneDrive/Desktop/D/FRA231/LAB2/V3/Src/mc_interface.c:797:16:MCI_GetMecSpeedRefUnit	0	static
C:/Users/thann/OneDrive/Desktop/D/FRA231/LAB2/V3/Src/mc_interface.c:812:16:MCI_GetMecSpeedRef_F	8	static
C:/Users/thann/OneDrive/Desktop/D/FRA231/LAB2/V3/Src/mc_interface.c:828:17:MCI_GetDutyCycleRef	0	static
