C:/Users/thann/OneDrive/Desktop/D/FRA231/LAB2/V3/Src/stm32g4xx_hal_msp.c:69:6:HAL_MspInit	16	static
C:/Users/thann/OneDrive/Desktop/D/FRA231/LAB2/V3/Src/stm32g4xx_hal_msp.c:100:6:HAL_ADC_MspInit	136	static
C:/Users/thann/OneDrive/Desktop/D/FRA231/LAB2/V3/Src/stm32g4xx_hal_msp.c:190:6:HAL_ADC_MspDeInit	8	static
C:/Users/thann/OneDrive/Desktop/D/FRA231/LAB2/V3/Src/stm32g4xx_hal_msp.c:264:6:HAL_TIM_Base_MspInit	48	static
C:/Users/thann/OneDrive/Desktop/D/FRA231/LAB2/V3/Src/stm32g4xx_hal_msp.c:304:6:HAL_TIM_MspPostInit	48	static
C:/Users/thann/OneDrive/Desktop/D/FRA231/LAB2/V3/Src/stm32g4xx_hal_msp.c:356:6:HAL_TIM_Base_MspDeInit	8	static
C:/Users/thann/OneDrive/Desktop/D/FRA231/LAB2/V3/Src/stm32g4xx_hal_msp.c:410:6:HAL_UART_MspInit	128	static
C:/Users/thann/OneDrive/Desktop/D/FRA231/LAB2/V3/Src/stm32g4xx_hal_msp.c:493:6:HAL_UART_MspDeInit	8	static
