Archive member included to satisfy reference by file (symbol)

C:/ST/STM32CubeIDE_1.16.0/STM32CubeIDE/plugins/com.st.stm32cube.ide.mcu.externaltools.gnu-tools-for-stm32.12.3.rel1.win32_1.0.200.202406191623/tools/bin/../lib/gcc/arm-none-eabi/12.3.1/../../../../arm-none-eabi/lib/thumb/v7e-m+fp/hard\libc_nano.a(libc_a-exit.o)
                              C:/ST/STM32CubeIDE_1.16.0/STM32CubeIDE/plugins/com.st.stm32cube.ide.mcu.externaltools.gnu-tools-for-stm32.12.3.rel1.win32_1.0.200.202406191623/tools/bin/../lib/gcc/arm-none-eabi/12.3.1/../../../../arm-none-eabi/lib/thumb/v7e-m+fp/hard/crt0.o (exit)
C:/ST/STM32CubeIDE_1.16.0/STM32CubeIDE/plugins/com.st.stm32cube.ide.mcu.externaltools.gnu-tools-for-stm32.12.3.rel1.win32_1.0.200.202406191623/tools/bin/../lib/gcc/arm-none-eabi/12.3.1/../../../../arm-none-eabi/lib/thumb/v7e-m+fp/hard\libc_nano.a(libc_a-findfp.o)
                              C:/ST/STM32CubeIDE_1.16.0/STM32CubeIDE/plugins/com.st.stm32cube.ide.mcu.externaltools.gnu-tools-for-stm32.12.3.rel1.win32_1.0.200.202406191623/tools/bin/../lib/gcc/arm-none-eabi/12.3.1/../../../../arm-none-eabi/lib/thumb/v7e-m+fp/hard\libc_nano.a(libc_a-exit.o) (__stdio_exit_handler)
C:/ST/STM32CubeIDE_1.16.0/STM32CubeIDE/plugins/com.st.stm32cube.ide.mcu.externaltools.gnu-tools-for-stm32.12.3.rel1.win32_1.0.200.202406191623/tools/bin/../lib/gcc/arm-none-eabi/12.3.1/../../../../arm-none-eabi/lib/thumb/v7e-m+fp/hard\libc_nano.a(libc_a-fwalk.o)
                              C:/ST/STM32CubeIDE_1.16.0/STM32CubeIDE/plugins/com.st.stm32cube.ide.mcu.externaltools.gnu-tools-for-stm32.12.3.rel1.win32_1.0.200.202406191623/tools/bin/../lib/gcc/arm-none-eabi/12.3.1/../../../../arm-none-eabi/lib/thumb/v7e-m+fp/hard\libc_nano.a(libc_a-findfp.o) (_fwalk_sglue)
C:/ST/STM32CubeIDE_1.16.0/STM32CubeIDE/plugins/com.st.stm32cube.ide.mcu.externaltools.gnu-tools-for-stm32.12.3.rel1.win32_1.0.200.202406191623/tools/bin/../lib/gcc/arm-none-eabi/12.3.1/../../../../arm-none-eabi/lib/thumb/v7e-m+fp/hard\libc_nano.a(libc_a-stdio.o)
                              C:/ST/STM32CubeIDE_1.16.0/STM32CubeIDE/plugins/com.st.stm32cube.ide.mcu.externaltools.gnu-tools-for-stm32.12.3.rel1.win32_1.0.200.202406191623/tools/bin/../lib/gcc/arm-none-eabi/12.3.1/../../../../arm-none-eabi/lib/thumb/v7e-m+fp/hard\libc_nano.a(libc_a-findfp.o) (__sread)
C:/ST/STM32CubeIDE_1.16.0/STM32CubeIDE/plugins/com.st.stm32cube.ide.mcu.externaltools.gnu-tools-for-stm32.12.3.rel1.win32_1.0.200.202406191623/tools/bin/../lib/gcc/arm-none-eabi/12.3.1/../../../../arm-none-eabi/lib/thumb/v7e-m+fp/hard\libc_nano.a(libc_a-memset.o)
                              C:/ST/STM32CubeIDE_1.16.0/STM32CubeIDE/plugins/com.st.stm32cube.ide.mcu.externaltools.gnu-tools-for-stm32.12.3.rel1.win32_1.0.200.202406191623/tools/bin/../lib/gcc/arm-none-eabi/12.3.1/../../../../arm-none-eabi/lib/thumb/v7e-m+fp/hard/crt0.o (memset)
C:/ST/STM32CubeIDE_1.16.0/STM32CubeIDE/plugins/com.st.stm32cube.ide.mcu.externaltools.gnu-tools-for-stm32.12.3.rel1.win32_1.0.200.202406191623/tools/bin/../lib/gcc/arm-none-eabi/12.3.1/../../../../arm-none-eabi/lib/thumb/v7e-m+fp/hard\libc_nano.a(libc_a-closer.o)
                              C:/ST/STM32CubeIDE_1.16.0/STM32CubeIDE/plugins/com.st.stm32cube.ide.mcu.externaltools.gnu-tools-for-stm32.12.3.rel1.win32_1.0.200.202406191623/tools/bin/../lib/gcc/arm-none-eabi/12.3.1/../../../../arm-none-eabi/lib/thumb/v7e-m+fp/hard\libc_nano.a(libc_a-stdio.o) (_close_r)
C:/ST/STM32CubeIDE_1.16.0/STM32CubeIDE/plugins/com.st.stm32cube.ide.mcu.externaltools.gnu-tools-for-stm32.12.3.rel1.win32_1.0.200.202406191623/tools/bin/../lib/gcc/arm-none-eabi/12.3.1/../../../../arm-none-eabi/lib/thumb/v7e-m+fp/hard\libc_nano.a(libc_a-reent.o)
                              C:/ST/STM32CubeIDE_1.16.0/STM32CubeIDE/plugins/com.st.stm32cube.ide.mcu.externaltools.gnu-tools-for-stm32.12.3.rel1.win32_1.0.200.202406191623/tools/bin/../lib/gcc/arm-none-eabi/12.3.1/../../../../arm-none-eabi/lib/thumb/v7e-m+fp/hard\libc_nano.a(libc_a-closer.o) (errno)
C:/ST/STM32CubeIDE_1.16.0/STM32CubeIDE/plugins/com.st.stm32cube.ide.mcu.externaltools.gnu-tools-for-stm32.12.3.rel1.win32_1.0.200.202406191623/tools/bin/../lib/gcc/arm-none-eabi/12.3.1/../../../../arm-none-eabi/lib/thumb/v7e-m+fp/hard\libc_nano.a(libc_a-impure.o)
                              C:/ST/STM32CubeIDE_1.16.0/STM32CubeIDE/plugins/com.st.stm32cube.ide.mcu.externaltools.gnu-tools-for-stm32.12.3.rel1.win32_1.0.200.202406191623/tools/bin/../lib/gcc/arm-none-eabi/12.3.1/../../../../arm-none-eabi/lib/thumb/v7e-m+fp/hard\libc_nano.a(libc_a-reent.o) (_impure_ptr)
C:/ST/STM32CubeIDE_1.16.0/STM32CubeIDE/plugins/com.st.stm32cube.ide.mcu.externaltools.gnu-tools-for-stm32.12.3.rel1.win32_1.0.200.202406191623/tools/bin/../lib/gcc/arm-none-eabi/12.3.1/../../../../arm-none-eabi/lib/thumb/v7e-m+fp/hard\libc_nano.a(libc_a-lseekr.o)
[...]
Memory Configuration

Name             Origin             Length             Attributes
RAM              0x20000000         0x00020000         xrw
FLASH            0x08000000         0x00080000         xr
*default*        0x00000000         0xffffffff

Linker script and memory map

LOAD C:/ST/STM32CubeIDE_1.16.0/STM32CubeIDE/plugins/com.st.stm32cube.ide.mcu.externaltools.gnu-tools-for-stm32.12.3.rel1.win32_1.0.200.202406191623/tools/bin/../lib/gcc/arm-none-eabi/12.3.1/thumb/v7e-m+fp/hard/crti.o
LOAD C:/ST/STM32CubeIDE_1.16.0/STM32CubeIDE/plugins/com.st.stm32cube.ide.mcu.externaltools.gnu-tools-for-stm32.12.3.rel1.win32_1.0.200.202406191623/tools/bin/../lib/gcc/arm-none-eabi/12.3.1/thumb/v7e-m+fp/hard/crtbegin.o
LOAD C:/ST/STM32CubeIDE_1.16.0/STM32CubeIDE/plugins/com.st.stm32cube.ide.mcu.externaltools.gnu-tools-for-stm32.12.3.rel1.win32_1.0.200.202406191623/tools/bin/../lib/gcc/arm-none-eabi/12.3.1/../../../../arm-none-eabi/lib/thumb/v7e-m+fp/hard/crt0.o
LOAD ./Application/Startup/startup_stm32g474retx.o
LOAD ./Application/User/aspep.o
LOAD ./Application/User/main.o
LOAD ./Application/User/mc_api.o
LOAD ./Application/User/mc_app_hooks.o
LOAD ./Application/User/mc_config.o
LOAD ./Application/User/mc_config_common.o
LOAD ./Application/User/mc_configuration_registers.o
LOAD ./Application/User/mc_interface.o
LOAD ./Application/User/mc_math.o
LOAD ./Application/User/mc_parameters.o
LOAD ./Application/User/mc_tasks.o
LOAD ./Application/User/mc_tasks_sixstep.o
LOAD ./Application/User/mcp.o
LOAD ./Application/User/mcp_config.o
LOAD ./Application/User/motorcontrol.o
LOAD ./Application/User/pwm_common.o
LOAD ./Application/User/register_interface.o
LOAD ./Application/User/regular_conversion_manager.o
LOAD ./Application/User/stm32_mc_common_it.o
LOAD ./Application/User/stm32g4xx_hal_msp.o
LOAD ./Application/User/stm32g4xx_it.o
LOAD ./Application/User/stm32g4xx_mc_it.o
LOAD ./Application/User/syscalls.o
LOAD ./Application/User/sysmem.o
LOAD ./Application/User/usart_aspep_driver.o
LOAD ./Drivers/CMSIS/system_stm32g4xx.o
LOAD ./Drivers/STM32G4xx_HAL_Driver/stm32g4xx_hal.o
LOAD ./Drivers/STM32G4xx_HAL_Driver/stm32g4xx_hal_adc.o
LOAD ./Drivers/STM32G4xx_HAL_Driver/stm32g4xx_hal_adc_ex.o
LOAD ./Drivers/STM32G4xx_HAL_Driver/stm32g4xx_hal_cortex.o
LOAD ./Drivers/STM32G4xx_HAL_Driver/stm32g4xx_hal_dma.o
LOAD ./Drivers/STM32G4xx_HAL_Driver/stm32g4xx_hal_dma_ex.o
LOAD ./Drivers/STM32G4xx_HAL_Driver/stm32g4xx_hal_exti.o
LOAD ./Drivers/STM32G4xx_HAL_Driver/stm32g4xx_hal_flash.o
LOAD ./Drivers/STM32G4xx_HAL_Driver/stm32g4xx_hal_flash_ex.o
LOAD ./Drivers/STM32G4xx_HAL_Driver/stm32g4xx_hal_flash_ramfunc.o
LOAD ./Drivers/STM32G4xx_HAL_Driver/stm32g4xx_hal_gpio.o
LOAD ./Drivers/STM32G4xx_HAL_Driver/stm32g4xx_hal_pwr.o
LOAD ./Drivers/STM32G4xx_HAL_Driver/stm32g4xx_hal_pwr_ex.o
LOAD ./Drivers/STM32G4xx_HAL_Driver/stm32g4xx_hal_rcc.o
LOAD ./Drivers/STM32G4xx_HAL_Driver/stm32g4xx_hal_rcc_ex.o
LOAD ./Drivers/STM32G4xx_HAL_Driver/stm32g4xx_hal_tim.o
LOAD ./Drivers/STM32G4xx_HAL_Driver/stm32g4xx_hal_tim_ex.o
LOAD ./Drivers/STM32G4xx_HAL_Driver/stm32g4xx_hal_uart.o
LOAD ./Drivers/STM32G4xx_HAL_Driver/stm32g4xx_hal_uart_ex.o
LOAD ./Drivers/STM32G4xx_HAL_Driver/stm32g4xx_ll_adc.o
LOAD ./Middlewares/MotorControl/bus_voltage_sensor.o
LOAD ./Middlewares/MotorControl/g4xx_bemf_ADC_fdbk.o
LOAD ./Middlewares/MotorControl/mcpa.o
LOAD ./Middlewares/MotorControl/ntc_temperature_sensor.o
LOAD ./Middlewares/MotorControl/pid_regulator.o
LOAD ./Middlewares/MotorControl/pwmc_sixstep.o
LOAD ./Middlewares/MotorControl/r_divider_bus_voltage_sensor.o
LOAD ./Middlewares/MotorControl/revup_ctrl_sixstep.o
LOAD ./Middlewares/MotorControl/speed_ctrl.o
LOAD ./Middlewares/MotorControl/speed_pos_fdbk.o
LOAD ./Middlewares/MotorControl/virtual_speed_sensor.o
START GROUP
LOAD C:/ST/STM32CubeIDE_1.16.0/STM32CubeIDE/plugins/com.st.stm32cube.ide.mcu.externaltools.gnu-tools-for-stm32.12.3.rel1.win32_1.0.200.202406191623/tools/bin/../lib/gcc/arm-none-eabi/12.3.1/../../../../arm-none-eabi/lib/thumb/v7e-m+fp/hard\libc_nano.a
LOAD C:/ST/STM32CubeIDE_1.16.0/STM32CubeIDE/plugins/com.st.stm32cube.ide.mcu.externaltools.gnu-tools-for-stm32.12.3.rel1.win32_1.0.200.202406191623/tools/bin/../lib/gcc/arm-none-eabi/12.3.1/../../../../arm-none-eabi/lib/thumb/v7e-m+fp/hard\libm.a
END GROUP
START GROUP
LOAD C:/ST/STM32CubeIDE_1.16.0/STM32CubeIDE/plugins/com.st.stm32cube.ide.mcu.externaltools.gnu-tools-for-stm32.12.3.rel1.win32_1.0.200.202406191623/tools/bin/../lib/gcc/arm-none-eabi/12.3.1/thumb/v7e-m+fp/hard\libgcc.a
LOAD C:/ST/STM32CubeIDE_1.16.0/STM32CubeIDE/plugins/com.st.stm32cube.ide.mcu.externaltools.gnu-tools-for-stm32.12.3.rel1.win32_1.0.200.202406191623/tools/bin/../lib/gcc/arm-none-eabi/12.3.1/../../../../arm-none-eabi/lib/thumb/v7e-m+fp/hard\libc_nano.a
END GROUP
START GROUP
LOAD C:/ST/STM32CubeIDE_1.16.0/STM32CubeIDE/plugins/com.st.stm32cube.ide.mcu.externaltools.gnu-tools-for-stm32.12.3.rel1.win32_1.0.200.202406191623/tools/bin/../lib/gcc/arm-none-eabi/12.3.1/thumb/v7e-m+fp/hard\libgcc.a
LOAD C:/ST/STM32CubeIDE_1.16.0/STM32CubeIDE/plugins/com.st.stm32cube.ide.mcu.externaltools.gnu-tools-for-stm32.12.3.rel1.win32_1.0.200.202406191623/tools/bin/../lib/gcc/arm-none-eabi/12.3.1/../../../../arm-none-eabi/lib/thumb/v7e-m+fp/hard\libc_nano.a
LOAD C:/ST/STM32CubeIDE_1.16.0/STM32CubeIDE/plugins/com.st.stm32cube.ide.mcu.externaltools.gnu-tools-for-stm32.12.3.rel1.win32_1.0.200.202406191623/tools/bin/../lib/gcc/arm-none-eabi/12.3.1/../../../../arm-none-eabi/lib/thumb/v7e-m+fp/hard\libnosys.a
END GROUP
START GROUP
LOAD C:/ST/STM32CubeIDE_1.16.0/STM32CubeIDE/plugins/com.st.stm32cube.ide.mcu.externaltools.gnu-tools-for-stm32.12.3.rel1.win32_1.0.200.202406191623/tools/bin/../lib/gcc/arm-none-eabi/12.3.1/thumb/v7e-m+fp/hard\libgcc.a
LOAD C:/ST/STM32CubeIDE_1.16.0/STM32CubeIDE/plugins/com.st.stm32cube.ide.mcu.externaltools.gnu-tools-for-stm32.12.3.rel1.win32_1.0.200.202406191623/tools/bin/../lib/gcc/arm-none-eabi/12.3.1/../../../../arm-none-eabi/lib/thumb/v7e-m+fp/hard\libc_nano.a
LOAD C:/ST/STM32CubeIDE_1.16.0/STM32CubeIDE/plugins/com.st.stm32cube.ide.mcu.externaltools.gnu-tools-for-stm32.12.3.rel1.win32_1.0.200.202406191623/tools/bin/../lib/gcc/arm-none-eabi/12.3.1/../../../../arm-none-eabi/lib/thumb/v7e-m+fp/hard\libnosys.a
END GROUP
LOAD C:/ST/STM32CubeIDE_1.16.0/STM32CubeIDE/plugins/com.st.stm32cube.ide.mcu.externaltools.gnu-tools-for-stm32.12.3.rel1.win32_1.0.200.202406191623/tools/bin/../lib/gcc/arm-none-eabi/12.3.1/thumb/v7e-m+fp/hard/crtend.o
LOAD C:/ST/STM32CubeIDE_1.16.0/STM32CubeIDE/plugins/com.st.stm32cube.ide.mcu.externaltools.gnu-tools-for-stm32.12.3.rel1.win32_1.0.200.202406191623/tools/bin/../lib/gcc/arm-none-eabi/12.3.1/thumb/v7e-m+fp/hard/crtn.o
                0x20020000                        _estack = (ORIGIN (RAM) + LENGTH (RAM))
                0x00000200                        _Min_Heap_Size = 0x200
                0x00000400                        _Min_Stack_Size = 0x400

.isr_vector     0x08000000      0x1d8
                0x08000000                        . = ALIGN (0x4)
 *(.isr_vector)
 .isr_vector    0x08000000      0x1d8 ./Application/Startup/startup_stm32g474retx.o
                0x08000000                g_pfnVectors
                0x080001d8                        . = ALIGN (0x4)

.text           0x080001d8     0x88e4
                0x080001d8                        . = ALIGN (0x4)
 *(.text)
 .text          0x080001d8       0x40 C:/ST/STM32CubeIDE_1.16.0/STM32CubeIDE/plugins/com.st.stm32cube.ide.mcu.externaltools.gnu-tools-for-stm32.12.3.rel1.win32_1.0.200.202406191623/tools/bin/../lib/gcc/arm-none-eabi/12.3.1/thumb/v7e-m+fp/hard/crtbegin.o
 .text          0x08000218      0x254 C:/ST/STM32CubeIDE_1.16.0/STM32CubeIDE/plugins/com.st.stm32cube.ide.mcu.externaltools.gnu-tools-for-stm32.12.3.rel1.win32_1.0.200.202406191623/tools/bin/../lib/gcc/arm-none-eabi/12.3.1/thumb/v7e-m+fp/hard\libgcc.a(_arm_muldf3.o)
                0x08000218                __muldf3
                0x08000218                __aeabi_dmul
 .text          0x0800046c      0x378 C:/ST/STM32CubeIDE_1.16.0/STM32CubeIDE/plugins/com.st.stm32cube.ide.mcu.externaltools.gnu-tools-for-stm32.12.3.rel1.win32_1.0.200.202406191623/tools/bin/../lib/gcc/arm-none-eabi/12.3.1/thumb/v7e-m+fp/hard\libgcc.a(_arm_addsubdf3.o)
                0x0800046c                __aeabi_drsub
                0x08000474                __aeabi_dsub
                0x08000474                __subdf3
                0x08000478                __aeabi_dadd
                0x08000478                __adddf3
                0x080006f0                __floatunsidf
                0x080006f0                __aeabi_ui2d
                0x08000710                __floatsidf
                0x08000710                __aeabi_i2d
                0x08000734                __aeabi_f2d
                0x08000734                __extendsfdf2
                0x08000778                __floatundidf
                0x08000778                __aeabi_ul2d
                0x08000788                __floatdidf
                0x08000788                __aeabi_l2d
 .text          0x080007e4       0x40 C:/ST/STM32CubeIDE_1.16.0/STM32CubeIDE/plugins/com.st.stm32cube.ide.mcu.externaltools.gnu-tools-for-stm32.12.3.rel1.win32_1.0.200.202406191623/tools/bin/../lib/gcc/arm-none-eabi/12.3.1/thumb/v7e-m+fp/hard\libgcc.a(_arm_fixunsdfsi.o)
                0x080007e4                __aeabi_d2uiz
                0x080007e4                __fixunsdfsi
 .text          0x08000824       0x30 C:/ST/STM32CubeIDE_1.16.0/STM32CubeIDE/plugins/com.st.stm32cube.ide.mcu.externaltools.gnu-tools-for-stm32.12.3.rel1.win32_1.0.200.202406191623/tools/bin/../lib/gcc/arm-none-eabi/12.3.1/thumb/v7e-m+fp/hard\libgcc.a(_aeabi_uldivmod.o)
                0x08000824                __aeabi_uldivmod
 .text          0x08000854      0x2bc C:/ST/STM32CubeIDE_1.16.0/STM32CubeIDE/plugins/com.st.stm32cube.ide.mcu.externaltools.gnu-tools-for-stm32.12.3.rel1.win32_1.0.200.202406191623/tools/bin/../lib/gcc/arm-none-eabi/12.3.1/thumb/v7e-m+fp/hard\libgcc.a(_udivmoddi4.o)
                0x08000854                __udivmoddi4
 .text          0x08000b10        0x4 C:/ST/STM32CubeIDE_1.16.0/STM32CubeIDE/plugins/com.st.stm32cube.ide.mcu.externaltools.gnu-tools-for-stm32.12.3.rel1.win32_1.0.200.202406191623/tools/bin/../lib/gcc/arm-none-eabi/12.3.1/thumb/v7e-m+fp/hard\libgcc.a(_dvmd_tls.o)
                0x08000b10                __aeabi_idiv0
                0x08000b10                __aeabi_ldiv0
 *(.text*)
 .text.Reset_Handler
                0x08000b14       0x50 ./Application/Startup/startup_stm32g474retx.o
                0x08000b14                Reset_Handler
 .text.Default_Handler
                0x08000b64        0x2 ./Application/Startup/startup_stm32g474retx.o
                0x08000b64                RTC_Alarm_IRQHandler
                0x08000b64                EXTI2_IRQHandler
                0x08000b64                TIM8_TRG_COM_IRQHandler
                0x08000b64                TIM8_CC_IRQHandler
                0x08000b64                HRTIM1_Master_IRQHandler
                0x08000b64                DebugMon_Handler
                0x08000b64                SPI4_IRQHandler
                0x08000b64                FDCAN3_IT0_IRQHandler
                0x08000b64                TIM1_CC_IRQHandler
                0x08000b64                HRTIM1_FLT_IRQHandler
                0x08000b64                HRTIM1_TIMF_IRQHandler
                0x08000b64                USB_HP_IRQHandler
                0x08000b64                CORDIC_IRQHandler
                0x08000b64                HRTIM1_TIMD_IRQHandler
                0x08000b64                PendSV_Handler
                0x08000b64                DMA2_Channel8_IRQHandler
                0x08000b64                NMI_Handler
                0x08000b64                EXTI3_IRQHandler
                0x08000b64                I2C3_ER_IRQHandler
                0x08000b64                EXTI0_IRQHandler
                0x08000b64                I2C2_EV_IRQHandler
                0x08000b64                FPU_IRQHandler
                0x08000b64                FDCAN1_IT1_IRQHandler
                0x08000b64                UsageFault_Handler
                0x08000b64                HRTIM1_TIME_IRQHandler
                0x08000b64                SPI1_IRQHandler
                0x08000b64                TIM6_DAC_IRQHandler
                0x08000b64                HRTIM1_TIMC_IRQHandler
                0x08000b64                TIM8_UP_IRQHandler
                0x08000b64                DMA2_Channel2_IRQHandler
                0x08000b64                DMA1_Channel4_IRQHandler
                0x08000b64                TIM20_TRG_COM_IRQHandler
                0x08000b64                USART3_IRQHandler
                0x08000b64                DMA1_Channel7_IRQHandler
                0x08000b64                UART5_IRQHandler
                0x08000b64                ADC3_IRQHandler
                0x08000b64                TIM4_IRQHandler
                0x08000b64                DMA2_Channel1_IRQHandler
                0x08000b64                QUADSPI_IRQHandler
                0x08000b64                I2C1_EV_IRQHandler
                0x08000b64                DMA1_Channel6_IRQHandler
                0x08000b64                UART4_IRQHandler
                0x08000b64                DMA2_Channel4_IRQHandler
                0x08000b64                TIM3_IRQHandler
                0x08000b64                RCC_IRQHandler
                0x08000b64                TIM20_UP_IRQHandler
                0x08000b64                DMA1_Channel1_IRQHandler
                0x08000b64                Default_Handler
                0x08000b64                DMA2_Channel7_IRQHandler
                0x08000b64                RTC_TAMP_LSECSS_IRQHandler
                0x08000b64                FMAC_IRQHandler
                0x08000b64                DMA1_Channel8_IRQHandler
                0x08000b64                HRTIM1_TIMA_IRQHandler
                0x08000b64                TIM7_DAC_IRQHandler
                0x08000b64                FDCAN3_IT1_IRQHandler
                0x08000b64                TIM5_IRQHandler
                0x08000b64                UCPD1_IRQHandler
                0x08000b64                I2C3_EV_IRQHandler
                0x08000b64                EXTI9_5_IRQHandler
                0x08000b64                RTC_WKUP_IRQHandler
                0x08000b64                PVD_PVM_IRQHandler
                0x08000b64                SPI2_IRQHandler
                0x08000b64                MemManage_Handler
                0x08000b64                ADC5_IRQHandler
                0x08000b64                SVC_Handler
                0x08000b64                DMA2_Channel5_IRQHandler
                0x08000b64                CRS_IRQHandler
                0x08000b64                DMA1_Channel5_IRQHandler
                0x08000b64                USB_LP_IRQHandler
                0x08000b64                EXTI4_IRQHandler
                0x08000b64                RNG_IRQHandler
                0x08000b64                HRTIM1_TIMB_IRQHandler
                0x08000b64                TIM1_TRG_COM_TIM17_IRQHandler
                0x08000b64                FDCAN2_IT1_IRQHandler
                0x08000b64                DMA1_Channel3_IRQHandler
                0x08000b64                ADC4_IRQHandler
                0x08000b64                WWDG_IRQHandler
                0x08000b64                I2C4_EV_IRQHandler
                0x08000b64                FDCAN2_IT0_IRQHandler
                0x08000b64                LPUART1_IRQHandler
                0x08000b64                DMA2_Channel6_IRQHandler
                0x08000b64                FDCAN1_IT0_IRQHandler
                0x08000b64                COMP7_IRQHandler
                0x08000b64                COMP1_2_3_IRQHandler
                0x08000b64                EXTI1_IRQHandler
                0x08000b64                COMP4_5_6_IRQHandler
                0x08000b64                TIM20_BRK_IRQHandler
                0x08000b64                I2C2_ER_IRQHandler
                0x08000b64                DMA1_Channel2_IRQHandler
                0x08000b64                TIM8_BRK_IRQHandler
                0x08000b64                FLASH_IRQHandler
                0x08000b64                TIM20_CC_IRQHandler
                0x08000b64                BusFault_Handler
                0x08000b64                USART1_IRQHandler
                0x08000b64                SPI3_IRQHandler
                0x08000b64                I2C1_ER_IRQHandler
                0x08000b64                FMC_IRQHandler
                0x08000b64                LPTIM1_IRQHandler
                0x08000b64                DMAMUX_OVR_IRQHandler
                0x08000b64                I2C4_ER_IRQHandler
                0x08000b64                USBWakeUp_IRQHandler
                0x08000b64                SAI1_IRQHandler
                0x08000b64                DMA2_Channel3_IRQHandler
 *fill*         0x08000b66        0x2 
 .text.ASPEP_start
                0x08000b68       0x28 ./Application/User/aspep.o
                0x08000b68                ASPEP_start
 .text.ASPEP_sendBeacon
                0x08000b90       0x8c ./Application/User/aspep.o
                0x08000b90                ASPEP_sendBeacon
 .text.ASPEP_sendPing
                0x08000c1c       0x8c ./Application/User/aspep.o
                0x08000c1c                ASPEP_sendPing
 .text.ASPEP_getBuffer
                0x08000ca8       0x60 ./Application/User/aspep.o
                0x08000ca8                ASPEP_getBuffer
 .text.ASPEP_sendPacket
                0x08000d08      0x118 ./Application/User/aspep.o
                0x08000d08                ASPEP_sendPacket
 .text.ASPEP_HWDataTransmittedIT
                0x08000e20       0x98 ./Application/User/aspep.o
                0x08000e20                ASPEP_HWDataTransmittedIT
 .text.ASPEP_RXframeProcess
                0x08000eb8      0x2c0 ./Application/User/aspep.o
                0x08000eb8                ASPEP_RXframeProcess
 .text.ASPEP_HWDataReceivedIT
                0x08001178       0x9c ./Application/User/aspep.o
                0x08001178                ASPEP_HWDataReceivedIT
 .text.ASPEP_HWReset
                0x08001214       0x14 ./Application/User/aspep.o
                0x08001214                ASPEP_HWReset
 .text.SystemClock_Config
                0x08001228       0x74 ./Application/User/main.o
                0x08001228                SystemClock_Config
 .text.startup.main
                0x0800129c      0x52c ./Application/User/main.o
                0x0800129c                main
 .text.Error_Handler
                0x080017c8        0x4 ./Application/User/main.o
                0x080017c8                Error_Handler
 .text.MC_StartMotor1
                0x080017cc        0xc ./Application/User/mc_api.o
                0x080017cc                MC_StartMotor1
 .text.MC_StopMotor1
                0x080017d8        0xc ./Application/User/mc_api.o
                0x080017d8                MC_StopMotor1
 .text.MC_GetSTMStateMotor1
                0x080017e4        0xc ./Application/User/mc_api.o
                0x080017e4                MC_GetSTMStateMotor1
 .text.MC_APP_BootHook
                0x080017f0        0x4 ./Application/User/mc_app_hooks.o
                0x080017f0                MC_APP_BootHook
 .text.MC_APP_PostMediumFrequencyHook_M1
                0x080017f4        0x4 ./Application/User/mc_app_hooks.o
                0x080017f4                MC_APP_PostMediumFrequencyHook_M1
 .text.MCI_ExecSpeedRamp
                0x080017f8       0x20 ./Application/User/mc_interface.o
                0x080017f8                MCI_ExecSpeedRamp
 .text.MCI_FaultProcessing
                0x08001818       0x18 ./Application/User/mc_interface.o
                0x08001818                MCI_FaultProcessing
 .text.MCI_ExecBufferedCommands
                0x08001830       0x44 ./Application/User/mc_interface.o
                0x08001830                MCI_ExecBufferedCommands
 .text.MCI_GetSTMState
                0x08001874        0x4 ./Application/User/mc_interface.o
                0x08001874                MCI_GetSTMState
 .text.MCI_GetOccurredFaults
                0x08001878        0x4 ./Application/User/mc_interface.o
                0x08001878                MCI_GetOccurredFaults
 .text.MCI_GetCurrentFaults
                0x0800187c        0x4 ./Application/User/mc_interface.o
                0x0800187c                MCI_GetCurrentFaults
 .text.MCI_StartMotor
                0x08001880       0x2c ./Application/User/mc_interface.o
                0x08001880                MCI_StartMotor
 .text.MCI_StopMotor
                0x080018ac       0x38 ./Application/User/mc_interface.o
                0x080018ac                MCI_StopMotor
 .text.MCI_FaultAcknowledged
                0x080018e4       0x24 ./Application/User/mc_interface.o
                0x080018e4                MCI_FaultAcknowledged
 .text.MCI_GetFaultState
                0x08001908        0xc ./Application/User/mc_interface.o
                0x08001908                MCI_GetFaultState
 .text.MCI_GetControlMode
                0x08001914        0x8 ./Application/User/mc_interface.o
                0x08001914                MCI_GetControlMode
 .text.MCI_GetImposedMotorDirection
                0x0800191c       0x1c ./Application/User/mc_interface.o
                0x0800191c                MCI_GetImposedMotorDirection
 .text.MCI_GetLastRampFinalSpeed
                0x08001938        0x8 ./Application/User/mc_interface.o
                0x08001938                MCI_GetLastRampFinalSpeed
 .text.MCI_GetLastRampFinalDuration
                0x08001940        0x4 ./Application/User/mc_interface.o
                0x08001940                MCI_GetLastRampFinalDuration
 .text.MCI_StopRamp
                0x08001944        0xc ./Application/User/mc_interface.o
                0x08001944                MCI_StopRamp
 .text.MCI_GetAvrgMecSpeedUnit
                0x08001950        0xc ./Application/User/mc_interface.o
                0x08001950                MCI_GetAvrgMecSpeedUnit
 .text.MCI_GetMecSpeedRefUnit
                0x0800195c        0x8 ./Application/User/mc_interface.o
                0x0800195c                MCI_GetMecSpeedRefUnit
 .text.MCI_GetDutyCycleRef
                0x08001964        0x8 ./Application/User/mc_interface.o
                0x08001964                MCI_GetDutyCycleRef
 .text.MCboot   0x0800196c       0x6c ./Application/User/mc_tasks.o
                0x0800196c                MCboot
 .text.TSK_SetChargeBootCapDelayM1
                0x080019d8        0xc ./Application/User/mc_tasks.o
                0x080019d8                TSK_SetChargeBootCapDelayM1
 .text.TSK_ChargeBootCapDelayHasElapsedM1
                0x080019e4       0x14 ./Application/User/mc_tasks.o
                0x080019e4                TSK_ChargeBootCapDelayHasElapsedM1
 .text.TSK_SetStopPermanencyTimeM1
                0x080019f8        0xc ./Application/User/mc_tasks.o
                0x080019f8                TSK_SetStopPermanencyTimeM1
 .text.TSK_StopPermanencyTimeHasElapsedM1
                0x08001a04       0x14 ./Application/User/mc_tasks.o
                0x08001a04                TSK_StopPermanencyTimeHasElapsedM1
 .text.TSK_HighFrequencyTask
                0x08001a18       0x2c ./Application/User/mc_tasks.o
                0x08001a18                TSK_HighFrequencyTask
 .text.TSK_SafetyTask_PWMOFF
                0x08001a44       0xa8 ./Application/User/mc_tasks.o
                0x08001a44                TSK_SafetyTask_PWMOFF
 .text.TSK_SafetyTask
                0x08001aec       0x20 ./Application/User/mc_tasks.o
                0x08001aec                TSK_SafetyTask
 .text.MC_RunMotorControlTasks
                0x08001b0c       0x90 ./Application/User/mc_tasks.o
                0x08001b0c                MC_RunMotorControlTasks
 .text.TSK_HardwareFaultTask
                0x08001b9c       0x1c ./Application/User/mc_tasks.o
                0x08001b9c                TSK_HardwareFaultTask
 .text.UI_HandleStartStopButton_cb
                0x08001bb8       0x18 ./Application/User/mc_tasks.o
                0x08001bb8                UI_HandleStartStopButton_cb
 .text.mc_lock_pins
                0x08001bd0      0x110 ./Application/User/mc_tasks.o
                0x08001bd0                mc_lock_pins
 .text.SIX_STEP_Clear
                0x08001ce0       0x54 ./Application/User/mc_tasks_sixstep.o
                0x08001ce0                SIX_STEP_Clear
 .text.SIX_STEP_Init
                0x08001d34       0x6c ./Application/User/mc_tasks_sixstep.o
                0x08001d34                SIX_STEP_Init
 .text.SixStep_InitAdditionalMethods
                0x08001da0        0x4 ./Application/User/mc_tasks_sixstep.o
                0x08001da0                SixStep_InitAdditionalMethods
 .text.SixStep_CalcSpeedRef
                0x08001da4       0x28 ./Application/User/mc_tasks_sixstep.o
                0x08001da4                SixStep_CalcSpeedRef
 .text.TSK_MediumFrequencyTaskM1
                0x08001dcc      0x2b8 ./Application/User/mc_tasks_sixstep.o
                0x08001dcc                TSK_MediumFrequencyTaskM1
 .text.SIX_STEP_HighFrequencyTask
                0x08002084      0x108 ./Application/User/mc_tasks_sixstep.o
                0x08002084                SIX_STEP_HighFrequencyTask
 .text.SixStep_StepCommution
                0x0800218c       0xa8 ./Application/User/mc_tasks_sixstep.o
                0x0800218c                SixStep_StepCommution
 .text.RI_SetRegCommandParser
                0x08002234       0xd8 ./Application/User/mcp.o
                0x08002234                RI_SetRegCommandParser
 .text.RI_GetRegCommandParser
                0x0800230c       0x90 ./Application/User/mcp.o
                0x0800230c                RI_GetRegCommandParser
 .text.MCP_ReceivedPacket
                0x0800239c      0x158 ./Application/User/mcp.o
                0x0800239c                MCP_ReceivedPacket
 .text.MX_MotorControl_Init
                0x080024f4       0x3c ./Application/User/motorcontrol.o
                0x080024f4                MX_MotorControl_Init
 .text.RI_SetRegisterGlobal
                0x08002530      0x104 ./Application/User/register_interface.o
                0x08002530                RI_SetRegisterGlobal
 .text.RI_SetRegisterMotor1
                0x08002634      0x3b8 ./Application/User/register_interface.o
                0x08002634                RI_SetRegisterMotor1
 .text.RI_GetRegisterGlobal
                0x080029ec      0x134 ./Application/User/register_interface.o
                0x080029ec                RI_GetRegisterGlobal
 .text.RI_GetRegisterMotor1
                0x08002b20      0x57c ./Application/User/register_interface.o
                0x08002b20                RI_GetRegisterMotor1
 .text.RI_GetIDSize
                0x0800309c       0x18 ./Application/User/register_interface.o
                0x0800309c                RI_GetIDSize
 .text.RI_GetPtrReg
                0x080030b4       0x30 ./Application/User/register_interface.o
                0x080030b4                RI_GetPtrReg
 .text.RCM_RegisterRegConv
                0x080030e4      0x1f8 ./Application/User/regular_conversion_manager.o
                0x080030e4                RCM_RegisterRegConv
 .text.RCM_ExecRegularConv
                0x080032dc      0x190 ./Application/User/regular_conversion_manager.o
                0x080032dc                RCM_ExecRegularConv
 .text.RCM_ExecUserConv
                0x0800346c       0x68 ./Application/User/regular_conversion_manager.o
                0x0800346c                RCM_ExecUserConv
 .text.RCM_ExecNextConv
                0x080034d4       0x88 ./Application/User/regular_conversion_manager.o
                0x080034d4                RCM_ExecNextConv
 .text.RCM_ReadOngoingConv
                0x0800355c       0x58 ./Application/User/regular_conversion_manager.o
                0x0800355c                RCM_ReadOngoingConv
 .text.USART2_IRQHandler
                0x080035b4      0x11c ./Application/User/stm32_mc_common_it.o
                0x080035b4                USART2_IRQHandler
 .text.HardFault_Handler
                0x080036d0        0x8 ./Application/User/stm32_mc_common_it.o
                0x080036d0                HardFault_Handler
 .text.SysTick_Handler
                0x080036d8       0x44 ./Application/User/stm32_mc_common_it.o
                0x080036d8                SysTick_Handler
 .text.EXTI15_10_IRQHandler
                0x0800371c       0x18 ./Application/User/stm32_mc_common_it.o
                0x0800371c                EXTI15_10_IRQHandler
 .text.HAL_MspInit
                0x08003734       0x40 ./Application/User/stm32g4xx_hal_msp.o
                0x08003734                HAL_MspInit
 *fill*         0x08003774        0x4 
 .text.HAL_ADC_MspInit
                0x08003778      0x138 ./Application/User/stm32g4xx_hal_msp.o
                0x08003778                HAL_ADC_MspInit
 .text.HAL_TIM_Base_MspInit
                0x080038b0       0x98 ./Application/User/stm32g4xx_hal_msp.o
                0x080038b0                HAL_TIM_Base_MspInit
 .text.HAL_TIM_MspPostInit
                0x08003948       0xa8 ./Application/User/stm32g4xx_hal_msp.o
                0x08003948                HAL_TIM_MspPostInit
 .text.HAL_UART_MspInit
                0x080039f0       0xfc ./Application/User/stm32g4xx_hal_msp.o
                0x080039f0                HAL_UART_MspInit
 .text.ADC1_2_IRQHandler
                0x08003aec       0x50 ./Application/User/stm32g4xx_mc_it.o
                0x08003aec                ADC1_2_IRQHandler
 .text.TIM2_IRQHandler
                0x08003b3c       0x64 ./Application/User/stm32g4xx_mc_it.o
                0x08003b3c                TIM2_IRQHandler
 .text.TIM1_UP_TIM16_IRQHandler
                0x08003ba0       0x10 ./Application/User/stm32g4xx_mc_it.o
                0x08003ba0                TIM1_UP_TIM16_IRQHandler
 .text.TIM1_BRK_TIM15_IRQHandler
                0x08003bb0       0x3c ./Application/User/stm32g4xx_mc_it.o
                0x08003bb0                TIM1_BRK_TIM15_IRQHandler
 .text.UASPEP_INIT
                0x08003bec       0x84 ./Application/User/usart_aspep_driver.o
                0x08003bec                UASPEP_INIT
 .text.UASPEP_CFG_TRANSMISSION
                0x08003c70       0x38 ./Application/User/usart_aspep_driver.o
                0x08003c70                UASPEP_CFG_TRANSMISSION
 .text.UASPEP_CFG_RECEPTION
                0x08003ca8       0x38 ./Application/User/usart_aspep_driver.o
                0x08003ca8                UASPEP_CFG_RECEPTION
 .text.UASPEP_IDLE_ENABLE
                0x08003ce0       0x18 ./Application/User/usart_aspep_driver.o
                0x08003ce0                UASPEP_IDLE_ENABLE
 .text.SystemInit
                0x08003cf8       0x14 ./Drivers/CMSIS/system_stm32g4xx.o
                0x08003cf8                SystemInit
 .text.HAL_InitTick
                0x08003d0c       0x4c ./Drivers/STM32G4xx_HAL_Driver/stm32g4xx_hal.o
                0x08003d0c                HAL_InitTick
 .text.HAL_Init
                0x08003d58       0x30 ./Drivers/STM32G4xx_HAL_Driver/stm32g4xx_hal.o
                0x08003d58                HAL_Init
 .text.HAL_IncTick
                0x08003d88       0x18 ./Drivers/STM32G4xx_HAL_Driver/stm32g4xx_hal.o
                0x08003d88                HAL_IncTick
 .text.HAL_GetTick
                0x08003da0        0xc ./Drivers/STM32G4xx_HAL_Driver/stm32g4xx_hal.o
                0x08003da0                HAL_GetTick
 .text.HAL_ADC_Init
                0x08003dac      0x238 ./Drivers/STM32G4xx_HAL_Driver/stm32g4xx_hal_adc.o
                0x08003dac                HAL_ADC_Init
 .text.HAL_ADC_ConfigChannel
                0x08003fe4      0x4fc ./Drivers/STM32G4xx_HAL_Driver/stm32g4xx_hal_adc.o
                0x08003fe4                HAL_ADC_ConfigChannel
 .text.HAL_ADC_AnalogWDGConfig
                0x080044e0      0x300 ./Drivers/STM32G4xx_HAL_Driver/stm32g4xx_hal_adc.o
                0x080044e0                HAL_ADC_AnalogWDGConfig
 .text.HAL_ADCEx_InjectedConfigChannel
                0x080047e0      0x60c ./Drivers/STM32G4xx_HAL_Driver/stm32g4xx_hal_adc_ex.o
                0x080047e0                HAL_ADCEx_InjectedConfigChannel
 .text.HAL_ADCEx_MultiModeConfigChannel
                0x08004dec      0x168 ./Drivers/STM32G4xx_HAL_Driver/stm32g4xx_hal_adc_ex.o
                0x08004dec                HAL_ADCEx_MultiModeConfigChannel
 .text.HAL_NVIC_SetPriorityGrouping
                0x08004f54       0x24 ./Drivers/STM32G4xx_HAL_Driver/stm32g4xx_hal_cortex.o
                0x08004f54                HAL_NVIC_SetPriorityGrouping
 .text.HAL_NVIC_SetPriority
                0x08004f78       0x78 ./Drivers/STM32G4xx_HAL_Driver/stm32g4xx_hal_cortex.o
                0x08004f78                HAL_NVIC_SetPriority
 .text.HAL_NVIC_EnableIRQ
                0x08004ff0       0x1c ./Drivers/STM32G4xx_HAL_Driver/stm32g4xx_hal_cortex.o
                0x08004ff0                HAL_NVIC_EnableIRQ
 .text.HAL_NVIC_SystemReset
                0x0800500c       0x24 ./Drivers/STM32G4xx_HAL_Driver/stm32g4xx_hal_cortex.o
                0x0800500c                HAL_NVIC_SystemReset
 .text.HAL_SYSTICK_Config
                0x08005030       0x34 ./Drivers/STM32G4xx_HAL_Driver/stm32g4xx_hal_cortex.o
                0x08005030                HAL_SYSTICK_Config
 .text.HAL_SYSTICK_Callback
                0x08005064        0x4 ./Drivers/STM32G4xx_HAL_Driver/stm32g4xx_hal_cortex.o
                0x08005064                HAL_SYSTICK_Callback
 .text.HAL_SYSTICK_IRQHandler
                0x08005068        0x8 ./Drivers/STM32G4xx_HAL_Driver/stm32g4xx_hal_cortex.o
                0x08005068                HAL_SYSTICK_IRQHandler
 .text.HAL_DMA_Init
                0x08005070      0x124 ./Drivers/STM32G4xx_HAL_Driver/stm32g4xx_hal_dma.o
                0x08005070                HAL_DMA_Init
 .text.HAL_GPIO_Init
                0x08005194      0x210 ./Drivers/STM32G4xx_HAL_Driver/stm32g4xx_hal_gpio.o
                0x08005194                HAL_GPIO_Init
 .text.HAL_GPIO_WritePin
                0x080053a4        0xc ./Drivers/STM32G4xx_HAL_Driver/stm32g4xx_hal_gpio.o
                0x080053a4                HAL_GPIO_WritePin
 .text.HAL_PWREx_ControlVoltageScaling
                0x080053b0       0xe4 ./Drivers/STM32G4xx_HAL_Driver/stm32g4xx_hal_pwr_ex.o
                0x080053b0                HAL_PWREx_ControlVoltageScaling
 .text.HAL_PWREx_DisableUCPDDeadBattery
                0x08005494       0x10 ./Drivers/STM32G4xx_HAL_Driver/stm32g4xx_hal_pwr_ex.o
                0x08005494                HAL_PWREx_DisableUCPDDeadBattery
 .text.HAL_RCC_OscConfig
                0x080054a4      0x48c ./Drivers/STM32G4xx_HAL_Driver/stm32g4xx_hal_rcc.o
                0x080054a4                HAL_RCC_OscConfig
 .text.HAL_RCC_GetSysClockFreq
                0x08005930       0x70 ./Drivers/STM32G4xx_HAL_Driver/stm32g4xx_hal_rcc.o
                0x08005930                HAL_RCC_GetSysClockFreq
 .text.HAL_RCC_ClockConfig
                0x080059a0      0x208 ./Drivers/STM32G4xx_HAL_Driver/stm32g4xx_hal_rcc.o
                0x080059a0                HAL_RCC_ClockConfig
 .text.HAL_RCC_GetHCLKFreq
                0x08005ba8        0xc ./Drivers/STM32G4xx_HAL_Driver/stm32g4xx_hal_rcc.o
                0x08005ba8                HAL_RCC_GetHCLKFreq
 .text.HAL_RCC_GetPCLK1Freq
                0x08005bb4       0x24 ./Drivers/STM32G4xx_HAL_Driver/stm32g4xx_hal_rcc.o
                0x08005bb4                HAL_RCC_GetPCLK1Freq
 .text.HAL_RCC_GetPCLK2Freq
                0x08005bd8       0x24 ./Drivers/STM32G4xx_HAL_Driver/stm32g4xx_hal_rcc.o
                0x08005bd8                HAL_RCC_GetPCLK2Freq
 .text.HAL_RCC_EnableCSS
                0x08005bfc       0x10 ./Drivers/STM32G4xx_HAL_Driver/stm32g4xx_hal_rcc.o
                0x08005bfc                HAL_RCC_EnableCSS
 .text.HAL_RCCEx_PeriphCLKConfig
                0x08005c0c      0x318 ./Drivers/STM32G4xx_HAL_Driver/stm32g4xx_hal_rcc_ex.o
                0x08005c0c                HAL_RCCEx_PeriphCLKConfig
 .text.TIM_OC1_SetConfig
                0x08005f24       0x80 ./Drivers/STM32G4xx_HAL_Driver/stm32g4xx_hal_tim.o
 .text.TIM_OC3_SetConfig
                0x08005fa4       0x88 ./Drivers/STM32G4xx_HAL_Driver/stm32g4xx_hal_tim.o
 .text.TIM_OC4_SetConfig
                0x0800602c       0x8c ./Drivers/STM32G4xx_HAL_Driver/stm32g4xx_hal_tim.o
 .text.HAL_TIM_Base_Init
                0x080060b8      0x140 ./Drivers/STM32G4xx_HAL_Driver/stm32g4xx_hal_tim.o
                0x080060b8                HAL_TIM_Base_Init
 .text.HAL_TIM_PWM_MspInit
                0x080061f8        0x4 ./Drivers/STM32G4xx_HAL_Driver/stm32g4xx_hal_tim.o
                0x080061f8                HAL_TIM_PWM_MspInit
 .text.HAL_TIM_PWM_Init
                0x080061fc      0x140 ./Drivers/STM32G4xx_HAL_Driver/stm32g4xx_hal_tim.o
                0x080061fc                HAL_TIM_PWM_Init
 .text.HAL_TIM_ConfigClockSource
                0x0800633c      0x1b4 ./Drivers/STM32G4xx_HAL_Driver/stm32g4xx_hal_tim.o
                0x0800633c                HAL_TIM_ConfigClockSource
 .text.TIM_OC2_SetConfig
                0x080064f0       0x8c ./Drivers/STM32G4xx_HAL_Driver/stm32g4xx_hal_tim.o
                0x080064f0                TIM_OC2_SetConfig
 .text.HAL_TIM_PWM_ConfigChannel
                0x0800657c      0x1dc ./Drivers/STM32G4xx_HAL_Driver/stm32g4xx_hal_tim.o
                0x0800657c                HAL_TIM_PWM_ConfigChannel
 .text.HAL_TIMEx_MasterConfigSynchronization
                0x08006758       0xb4 ./Drivers/STM32G4xx_HAL_Driver/stm32g4xx_hal_tim_ex.o
                0x08006758                HAL_TIMEx_MasterConfigSynchronization
 .text.HAL_TIMEx_ConfigBreakDeadTime
                0x0800680c       0xa4 ./Drivers/STM32G4xx_HAL_Driver/stm32g4xx_hal_tim_ex.o
                0x0800680c                HAL_TIMEx_ConfigBreakDeadTime
 .text.HAL_TIMEx_ConfigBreakInput
                0x080068b0      0x11c ./Drivers/STM32G4xx_HAL_Driver/stm32g4xx_hal_tim_ex.o
                0x080068b0                HAL_TIMEx_ConfigBreakInput
 .text.UART_SetConfig
                0x080069cc      0x2c4 ./Drivers/STM32G4xx_HAL_Driver/stm32g4xx_hal_uart.o
                0x080069cc                UART_SetConfig
 .text.UART_AdvFeatureConfig
                0x08006c90       0xb0 ./Drivers/STM32G4xx_HAL_Driver/stm32g4xx_hal_uart.o
                0x08006c90                UART_AdvFeatureConfig
 .text.UART_CheckIdleState
                0x08006d40      0x258 ./Drivers/STM32G4xx_HAL_Driver/stm32g4xx_hal_uart.o
                0x08006d40                UART_CheckIdleState
 .text.HAL_UART_Init
                0x08006f98       0x68 ./Drivers/STM32G4xx_HAL_Driver/stm32g4xx_hal_uart.o
                0x08006f98                HAL_UART_Init
 .text.HAL_UARTEx_DisableFifoMode
                0x08007000       0x3c ./Drivers/STM32G4xx_HAL_Driver/stm32g4xx_hal_uart_ex.o
                0x08007000                HAL_UARTEx_DisableFifoMode
 .text.HAL_UARTEx_SetTxFifoThreshold
                0x0800703c       0x84 ./Drivers/STM32G4xx_HAL_Driver/stm32g4xx_hal_uart_ex.o
                0x0800703c                HAL_UARTEx_SetTxFifoThreshold
 .text.HAL_UARTEx_SetRxFifoThreshold
                0x080070c0       0x84 ./Drivers/STM32G4xx_HAL_Driver/stm32g4xx_hal_uart_ex.o
                0x080070c0                HAL_UARTEx_SetRxFifoThreshold
 .text.VBS_GetAvBusVoltage_V
                0x08007144        0xc ./Middlewares/MotorControl/bus_voltage_sensor.o
                0x08007144                VBS_GetAvBusVoltage_V
 .text.BADC_Init
                0x08007150      0x264 ./Middlewares/MotorControl/g4xx_bemf_ADC_fdbk.o
                0x08007150                BADC_Init
 .text.BADC_Clear
                0x080073b4       0x20 ./Middlewares/MotorControl/g4xx_bemf_ADC_fdbk.o
                0x080073b4                BADC_Clear
 .text.BADC_Start
                0x080073d4      0x130 ./Middlewares/MotorControl/g4xx_bemf_ADC_fdbk.o
                0x080073d4                BADC_Start
 .text.BADC_Stop
                0x08007504       0x60 ./Middlewares/MotorControl/g4xx_bemf_ADC_fdbk.o
                0x08007504                BADC_Stop
 .text.BADC_SpeedMeasureOff
                0x08007564       0x10 ./Middlewares/MotorControl/g4xx_bemf_ADC_fdbk.o
                0x08007564                BADC_SpeedMeasureOff
 .text.BADC_SetSamplingPoint
                0x08007574       0x88 ./Middlewares/MotorControl/g4xx_bemf_ADC_fdbk.o
                0x08007574                BADC_SetSamplingPoint
 .text.BADC_IsZcDetected
                0x080075fc      0x100 ./Middlewares/MotorControl/g4xx_bemf_ADC_fdbk.o
                0x080075fc                BADC_IsZcDetected
 .text.BADC_CalcAvrgMecSpeedUnit
                0x080076fc      0x194 ./Middlewares/MotorControl/g4xx_bemf_ADC_fdbk.o
                0x080076fc                BADC_CalcAvrgMecSpeedUnit
 .text.BADC_SetDirection
                0x08007890        0x8 ./Middlewares/MotorControl/g4xx_bemf_ADC_fdbk.o
                0x08007890                BADC_SetDirection
 .text.BADC_IsObserverConverged
                0x08007898        0x8 ./Middlewares/MotorControl/g4xx_bemf_ADC_fdbk.o
                0x08007898                BADC_IsObserverConverged
 .text.BADC_CalcElAngle
                0x080078a0       0x44 ./Middlewares/MotorControl/g4xx_bemf_ADC_fdbk.o
                0x080078a0                BADC_CalcElAngle
 .text.BADC_StepChangeEvent
                0x080078e4       0x88 ./Middlewares/MotorControl/g4xx_bemf_ADC_fdbk.o
                0x080078e4                BADC_StepChangeEvent
 .text.BADC_CalcRevUpDemagTime
                0x0800796c       0x3c ./Middlewares/MotorControl/g4xx_bemf_ADC_fdbk.o
                0x0800796c                BADC_CalcRevUpDemagTime
 .text.BADC_CalcRunDemagTime
                0x080079a8       0x2c ./Middlewares/MotorControl/g4xx_bemf_ADC_fdbk.o
                0x080079a8                BADC_CalcRunDemagTime
 .text.BADC_SetLoopClosed
                0x080079d4       0x30 ./Middlewares/MotorControl/g4xx_bemf_ADC_fdbk.o
                0x080079d4                BADC_SetLoopClosed
 .text.BADC_SetBemfSensorlessParam
                0x08007a04       0x4c ./Middlewares/MotorControl/g4xx_bemf_ADC_fdbk.o
                0x08007a04                BADC_SetBemfSensorlessParam
 .text.BADC_GetBemfSensorlessParam
                0x08007a50       0x54 ./Middlewares/MotorControl/g4xx_bemf_ADC_fdbk.o
                0x08007a50                BADC_GetBemfSensorlessParam
 .text.MCPA_dataLog
                0x08007aa4      0x180 ./Middlewares/MotorControl/mcpa.o
                0x08007aa4                MCPA_dataLog
 .text.MCPA_flushDataLog
                0x08007c24       0x5c ./Middlewares/MotorControl/mcpa.o
                0x08007c24                MCPA_flushDataLog
 .text.MCPA_cfgLog
                0x08007c80       0xf4 ./Middlewares/MotorControl/mcpa.o
                0x08007c80                MCPA_cfgLog
 .text.NTC_SetFaultState
                0x08007d74       0x2c ./Middlewares/MotorControl/ntc_temperature_sensor.o
                0x08007d74                NTC_SetFaultState
 .text.NTC_Init
                0x08007da0       0x24 ./Middlewares/MotorControl/ntc_temperature_sensor.o
                0x08007da0                NTC_Init
 .text.NTC_CalcAvTemp
                0x08007dc4       0x30 ./Middlewares/MotorControl/ntc_temperature_sensor.o
                0x08007dc4                NTC_CalcAvTemp
 .text.NTC_GetAvTemp_C
                0x08007df4       0x24 ./Middlewares/MotorControl/ntc_temperature_sensor.o
                0x08007df4                NTC_GetAvTemp_C
 .text.PID_HandleInit
                0x08007e18       0x10 ./Middlewares/MotorControl/pid_regulator.o
                0x08007e18                PID_HandleInit
 .text.PID_SetKP
                0x08007e28        0x4 ./Middlewares/MotorControl/pid_regulator.o
                0x08007e28                PID_SetKP
 .text.PID_SetKI
                0x08007e2c        0x4 ./Middlewares/MotorControl/pid_regulator.o
                0x08007e2c                PID_SetKI
 .text.PID_GetKP
                0x08007e30        0x8 ./Middlewares/MotorControl/pid_regulator.o
                0x08007e30                PID_GetKP
 .text.PID_GetKI
                0x08007e38        0x8 ./Middlewares/MotorControl/pid_regulator.o
                0x08007e38                PID_GetKI
 .text.PID_SetIntegralTerm
                0x08007e40        0x4 ./Middlewares/MotorControl/pid_regulator.o
                0x08007e40                PID_SetIntegralTerm
 .text.PID_GetKPDivisorPOW2
                0x08007e44        0x4 ./Middlewares/MotorControl/pid_regulator.o
                0x08007e44                PID_GetKPDivisorPOW2
 .text.PID_SetKPDivisorPOW2
                0x08007e48        0xc ./Middlewares/MotorControl/pid_regulator.o
                0x08007e48                PID_SetKPDivisorPOW2
 .text.PID_GetKIDivisor
                0x08007e54        0x4 ./Middlewares/MotorControl/pid_regulator.o
                0x08007e54                PID_GetKIDivisor
 .text.PID_GetKIDivisorPOW2
                0x08007e58        0x4 ./Middlewares/MotorControl/pid_regulator.o
                0x08007e58                PID_GetKIDivisorPOW2
 .text.PID_SetLowerIntegralTermLimit
                0x08007e5c        0x4 ./Middlewares/MotorControl/pid_regulator.o
                0x08007e5c                PID_SetLowerIntegralTermLimit
 .text.PID_SetUpperIntegralTermLimit
                0x08007e60        0x4 ./Middlewares/MotorControl/pid_regulator.o
                0x08007e60                PID_SetUpperIntegralTermLimit
 .text.PID_SetKIDivisorPOW2
                0x08007e64       0x28 ./Middlewares/MotorControl/pid_regulator.o
                0x08007e64                PID_SetKIDivisorPOW2
 .text.PID_SetKD
                0x08007e8c        0x4 ./Middlewares/MotorControl/pid_regulator.o
                0x08007e8c                PID_SetKD
 .text.PID_GetKD
                0x08007e90        0x8 ./Middlewares/MotorControl/pid_regulator.o
                0x08007e90                PID_GetKD
 .text.PID_GetKDDivisorPOW2
                0x08007e98        0x4 ./Middlewares/MotorControl/pid_regulator.o
                0x08007e98                PID_GetKDDivisorPOW2
 .text.PID_SetKDDivisorPOW2
                0x08007e9c        0xc ./Middlewares/MotorControl/pid_regulator.o
                0x08007e9c                PID_SetKDDivisorPOW2
 .text.PI_Controller
                0x08007ea8       0x80 ./Middlewares/MotorControl/pid_regulator.o
                0x08007ea8                PI_Controller
 .text.PWMC_Init
                0x08007f28       0x58 ./Middlewares/MotorControl/pwmc_sixstep.o
                0x08007f28                PWMC_Init
 .text.PWMC_SetPhaseVoltage
                0x08007f80       0x10 ./Middlewares/MotorControl/pwmc_sixstep.o
                0x08007f80                PWMC_SetPhaseVoltage
 .text.PWMC_LoadNextStep
                0x08007f90      0x148 ./Middlewares/MotorControl/pwmc_sixstep.o
                0x08007f90                PWMC_LoadNextStep
 .text.PWMC_TurnOnLowSides
                0x080080d8       0x60 ./Middlewares/MotorControl/pwmc_sixstep.o
                0x080080d8                PWMC_TurnOnLowSides
 .text.PWMC_SwitchOnPWM
                0x08008138       0x54 ./Middlewares/MotorControl/pwmc_sixstep.o
                0x08008138                PWMC_SwitchOnPWM
 .text.PWMC_SetADCTriggerChannel
                0x0800818c        0xc ./Middlewares/MotorControl/pwmc_sixstep.o
                0x0800818c                PWMC_SetADCTriggerChannel
 .text.PWMC_SwitchOffPWM
                0x08008198       0x54 ./Middlewares/MotorControl/pwmc_sixstep.o
                0x08008198                PWMC_SwitchOffPWM
 .text.PWMC_BRK_IRQHandler
                0x080081ec       0x18 ./Middlewares/MotorControl/pwmc_sixstep.o
                0x080081ec                PWMC_BRK_IRQHandler
 .text.PWMC_DisableHighFreqTask
                0x08008204       0x10 ./Middlewares/MotorControl/pwmc_sixstep.o
                0x08008204                PWMC_DisableHighFreqTask
 .text.PWMC_SetAlignFlag
                0x08008214        0x4 ./Middlewares/MotorControl/pwmc_sixstep.o
                0x08008214                PWMC_SetAlignFlag
 .text.PWMC_ElAngleToStep
                0x08008218       0x70 ./Middlewares/MotorControl/pwmc_sixstep.o
                0x08008218                PWMC_ElAngleToStep
 .text.PWMC_ForceNextStep
                0x08008288       0x24 ./Middlewares/MotorControl/pwmc_sixstep.o
                0x08008288                PWMC_ForceNextStep
 .text.PWMC_IsFaultOccurred
                0x080082ac       0x2c ./Middlewares/MotorControl/pwmc_sixstep.o
                0x080082ac                PWMC_IsFaultOccurred
 .text.PWMC_GetLSModConfig
                0x080082d8       0x28 ./Middlewares/MotorControl/pwmc_sixstep.o
                0x080082d8                PWMC_GetLSModConfig
 .text.PWMC_SetLSModConfig
                0x08008300       0x2c ./Middlewares/MotorControl/pwmc_sixstep.o
                0x08008300                PWMC_SetLSModConfig
 .text.PWMC_GetQuasiSynchState
                0x0800832c        0x4 ./Middlewares/MotorControl/pwmc_sixstep.o
                0x0800832c                PWMC_GetQuasiSynchState
 .text.PWMC_SetQuasiSynchState
                0x08008330       0x10 ./Middlewares/MotorControl/pwmc_sixstep.o
                0x08008330                PWMC_SetQuasiSynchState
 .text.RVBS_Clear
                0x08008340       0x3c ./Middlewares/MotorControl/r_divider_bus_voltage_sensor.o
                0x08008340                RVBS_Clear
 .text.RVBS_Init
                0x0800837c        0x8 ./Middlewares/MotorControl/r_divider_bus_voltage_sensor.o
                0x0800837c                RVBS_Init
 .text.RVBS_CheckFaultState
                0x08008384       0x50 ./Middlewares/MotorControl/r_divider_bus_voltage_sensor.o
                0x08008384                RVBS_CheckFaultState
 .text.RVBS_CalcAvVbus
                0x080083d4       0x5c ./Middlewares/MotorControl/r_divider_bus_voltage_sensor.o
                0x080083d4                RVBS_CalcAvVbus
 .text.RUC_Init
                0x08008430       0x44 ./Middlewares/MotorControl/revup_ctrl_sixstep.o
                0x08008430                RUC_Init
 .text.RUC_Clear
                0x08008474       0x94 ./Middlewares/MotorControl/revup_ctrl_sixstep.o
                0x08008474                RUC_Clear
 .text.RUC_UpdatePulse
                0x08008508       0x18 ./Middlewares/MotorControl/revup_ctrl_sixstep.o
                0x08008508                RUC_UpdatePulse
 .text.RUC_Exec
                0x08008520       0x84 ./Middlewares/MotorControl/revup_ctrl_sixstep.o
                0x08008520                RUC_Exec
 .text.RUC_IsAlignStageNow
                0x080085a4       0x1c ./Middlewares/MotorControl/revup_ctrl_sixstep.o
                0x080085a4                RUC_IsAlignStageNow
 .text.RUC_FirstAccelerationStageReached
                0x080085c0       0x14 ./Middlewares/MotorControl/revup_ctrl_sixstep.o
                0x080085c0                RUC_FirstAccelerationStageReached
 .text.RUC_GetDirection
                0x080085d4        0x8 ./Middlewares/MotorControl/revup_ctrl_sixstep.o
                0x080085d4                RUC_GetDirection
 .text.STC_Init
                0x080085dc       0x2c ./Middlewares/MotorControl/speed_ctrl.o
                0x080085dc                STC_Init
 .text.STC_SetSpeedSensor
                0x08008608        0x8 ./Middlewares/MotorControl/speed_ctrl.o
                0x08008608                STC_SetSpeedSensor
 .text.STC_Clear
                0x08008610       0x28 ./Middlewares/MotorControl/speed_ctrl.o
                0x08008610                STC_Clear
 .text.STC_GetMecSpeedRefUnit
                0x08008638       0x14 ./Middlewares/MotorControl/speed_ctrl.o
                0x08008638                STC_GetMecSpeedRefUnit
 .text.STC_GetDutyCycleRef
                0x0800864c        0x8 ./Middlewares/MotorControl/speed_ctrl.o
                0x0800864c                STC_GetDutyCycleRef
 .text.STC_SetControlMode
                0x08008654        0xc ./Middlewares/MotorControl/speed_ctrl.o
                0x08008654                STC_SetControlMode
 .text.STC_ExecRamp
                0x08008660       0x8c ./Middlewares/MotorControl/speed_ctrl.o
                0x08008660                STC_ExecRamp
 .text.STC_CalcSpeedReference
                0x080086ec       0xa4 ./Middlewares/MotorControl/speed_ctrl.o
                0x080086ec                STC_CalcSpeedReference
 .text.STC_GetMecSpeedRefUnitDefault
                0x08008790        0x8 ./Middlewares/MotorControl/speed_ctrl.o
                0x08008790                STC_GetMecSpeedRefUnitDefault
 .text.STC_ForceSpeedReferenceToCurrentSpeed
                0x08008798       0x14 ./Middlewares/MotorControl/speed_ctrl.o
                0x08008798                STC_ForceSpeedReferenceToCurrentSpeed
 .text.SPD_GetAvrgMecSpeedUnit
                0x080087ac        0x8 ./Middlewares/MotorControl/speed_pos_fdbk.o
                0x080087ac                SPD_GetAvrgMecSpeedUnit
 .text.SPD_GetElSpeedDpp
                0x080087b4        0x8 ./Middlewares/MotorControl/speed_pos_fdbk.o
                0x080087b4                SPD_GetElSpeedDpp
 .text.SPD_IsMecSpeedReliable
                0x080087bc       0x6c ./Middlewares/MotorControl/speed_pos_fdbk.o
                0x080087bc                SPD_IsMecSpeedReliable
 .text.VSS_Clear
                0x08008828       0x1c ./Middlewares/MotorControl/virtual_speed_sensor.o
                0x08008828                VSS_Clear
 .text.VSS_Init
                0x08008844        0x8 ./Middlewares/MotorControl/virtual_speed_sensor.o
                0x08008844                VSS_Init
 .text.VSS_CalcElAngle
                0x0800884c       0xa4 ./Middlewares/MotorControl/virtual_speed_sensor.o
                0x0800884c                VSS_CalcElAngle
 .text.VSS_CalcAvrgMecSpeedUnit
                0x080088f0       0xa4 ./Middlewares/MotorControl/virtual_speed_sensor.o
                0x080088f0                VSS_CalcAvrgMecSpeedUnit
 .text.VSS_SetMecAcceleration
                0x08008994       0x78 ./Middlewares/MotorControl/virtual_speed_sensor.o
                0x08008994                VSS_SetMecAcceleration
 .text.VSS_SetStartTransition
                0x08008a0c       0x1c ./Middlewares/MotorControl/virtual_speed_sensor.o
                0x08008a0c                VSS_SetStartTransition
 .text.VSS_TransitionEnded
                0x08008a28        0x8 ./Middlewares/MotorControl/virtual_speed_sensor.o
                0x08008a28                VSS_TransitionEnded
 .text.memset   0x08008a30       0x10 C:/ST/STM32CubeIDE_1.16.0/STM32CubeIDE/plugins/com.st.stm32cube.ide.mcu.externaltools.gnu-tools-for-stm32.12.3.rel1.win32_1.0.200.202406191623/tools/bin/../lib/gcc/arm-none-eabi/12.3.1/../../../../arm-none-eabi/lib/thumb/v7e-m+fp/hard\libc_nano.a(libc_a-memset.o)
                0x08008a30                memset
 .text.__libc_init_array
                0x08008a40       0x48 C:/ST/STM32CubeIDE_1.16.0/STM32CubeIDE/plugins/com.st.stm32cube.ide.mcu.externaltools.gnu-tools-for-stm32.12.3.rel1.win32_1.0.200.202406191623/tools/bin/../lib/gcc/arm-none-eabi/12.3.1/../../../../arm-none-eabi/lib/thumb/v7e-m+fp/hard\libc_nano.a(libc_a-init.o)
                0x08008a40                __libc_init_array
 .text.memcpy   0x08008a88       0x1c C:/ST/STM32CubeIDE_1.16.0/STM32CubeIDE/plugins/com.st.stm32cube.ide.mcu.externaltools.gnu-tools-for-stm32.12.3.rel1.win32_1.0.200.202406191623/tools/bin/../lib/gcc/arm-none-eabi/12.3.1/../../../../arm-none-eabi/lib/thumb/v7e-m+fp/hard\libc_nano.a(libc_a-memcpy-stub.o)
                0x08008a88                memcpy
 *(.glue_7)
 .glue_7        0x08008aa4        0x0 linker stubs
 *(.glue_7t)
 .glue_7t       0x08008aa4        0x0 linker stubs
 *(.eh_frame)
 .eh_frame      0x08008aa4        0x0 C:/ST/STM32CubeIDE_1.16.0/STM32CubeIDE/plugins/com.st.stm32cube.ide.mcu.externaltools.gnu-tools-for-stm32.12.3.rel1.win32_1.0.200.202406191623/tools/bin/../lib/gcc/arm-none-eabi/12.3.1/thumb/v7e-m+fp/hard/crtbegin.o
 *(.init)
 .init          0x08008aa4        0x4 C:/ST/STM32CubeIDE_1.16.0/STM32CubeIDE/plugins/com.st.stm32cube.ide.mcu.externaltools.gnu-tools-for-stm32.12.3.rel1.win32_1.0.200.202406191623/tools/bin/../lib/gcc/arm-none-eabi/12.3.1/thumb/v7e-m+fp/hard/crti.o
                0x08008aa4                _init
 .init          0x08008aa8        0x8 C:/ST/STM32CubeIDE_1.16.0/STM32CubeIDE/plugins/com.st.stm32cube.ide.mcu.externaltools.gnu-tools-for-stm32.12.3.rel1.win32_1.0.200.202406191623/tools/bin/../lib/gcc/arm-none-eabi/12.3.1/thumb/v7e-m+fp/hard/crtn.o
 *(.fini)
 .fini          0x08008ab0        0x4 C:/ST/STM32CubeIDE_1.16.0/STM32CubeIDE/plugins/com.st.stm32cube.ide.mcu.externaltools.gnu-tools-for-stm32.12.3.rel1.win32_1.0.200.202406191623/tools/bin/../lib/gcc/arm-none-eabi/12.3.1/thumb/v7e-m+fp/hard/crti.o
                0x08008ab0                _fini
 .fini          0x08008ab4        0x8 C:/ST/STM32CubeIDE_1.16.0/STM32CubeIDE/plugins/com.st.stm32cube.ide.mcu.externaltools.gnu-tools-for-stm32.12.3.rel1.win32_1.0.200.202406191623/tools/bin/../lib/gcc/arm-none-eabi/12.3.1/thumb/v7e-m+fp/hard/crtn.o
                0x08008abc                        . = ALIGN (0x4)
                0x08008abc                        _etext = .

.vfp11_veneer   0x08008abc        0x0
 .vfp11_veneer  0x08008abc        0x0 linker stubs

.v4_bx          0x08008abc        0x0
 .v4_bx         0x08008abc        0x0 linker stubs

.iplt           0x08008abc        0x0
 .iplt          0x08008abc        0x0 C:/ST/STM32CubeIDE_1.16.0/STM32CubeIDE/plugins/com.st.stm32cube.ide.mcu.externaltools.gnu-tools-for-stm32.12.3.rel1.win32_1.0.200.202406191623/tools/bin/../lib/gcc/arm-none-eabi/12.3.1/thumb/v7e-m+fp/hard/crtbegin.o

.rodata         0x08008abc      0x268
                0x08008abc                        . = ALIGN (0x4)
 *(.rodata)
 *(.rodata*)
 .rodata.CRC4_Lookup4
                0x08008abc       0x10 ./Application/User/aspep.o
 .rodata.CRC4_Lookup8
                0x08008acc      0x100 ./Application/User/aspep.o
 .rodata.M1_SixStepConfig_reg
                0x08008bcc        0xb ./Application/User/mc_configuration_registers.o
 *fill*         0x08008bd7        0x1 
 .rodata.M1_MotorConfig_reg
                0x08008bd8       0x3c ./Application/User/mc_configuration_registers.o
 .rodata.M1_ApplicationConfig_reg
                0x08008c14       0x10 ./Application/User/mc_configuration_registers.o
 .rodata.globalConfig_reg
                0x08008c24        0xa ./Application/User/mc_configuration_registers.o
                0x08008c24                globalConfig_reg
 *fill*         0x08008c2e        0x2 
 .rodata.FIRMWARE_NAME
                0x08008c30       0x14 ./Application/User/mc_configuration_registers.o
                0x08008c30                FIRMWARE_NAME
 .rodata.M1_PWR_BOARD
                0x08008c44       0x11 ./Application/User/mc_configuration_registers.o
 *fill*         0x08008c55        0x3 
 .rodata.CTL_BOARD
                0x08008c58        0xe ./Application/User/mc_configuration_registers.o
                0x08008c58                CTL_BOARD
 *fill*         0x08008c66        0x2 
 .rodata.Bemf_ADC_ParamsM1
                0x08008c68       0x44 ./Application/User/mc_parameters.o
                0x08008c68                Bemf_ADC_ParamsM1
 .rodata.PWMC_ParamsM1
                0x08008cac       0x1c ./Application/User/mc_parameters.o
                0x08008cac                PWMC_ParamsM1
 .rodata.CSWTCH.39
                0x08008cc8       0x11 ./Application/User/register_interface.o
 *fill*         0x08008cd9        0x3 
 .rodata.CHANNEL_OFFSET_TAB
                0x08008cdc        0x8 ./Application/User/usart_aspep_driver.o
 .rodata.APBPrescTable
                0x08008ce4        0x8 ./Drivers/CMSIS/system_stm32g4xx.o
                0x08008ce4                APBPrescTable
 .rodata.AHBPrescTable
                0x08008cec       0x10 ./Drivers/CMSIS/system_stm32g4xx.o
                0x08008cec                AHBPrescTable
 .rodata.UARTPrescTable
                0x08008cfc       0x18 ./Drivers/STM32G4xx_HAL_Driver/stm32g4xx_hal_uart.o
                0x08008cfc                UARTPrescTable
 .rodata.denominator.0
                0x08008d14        0x8 ./Drivers/STM32G4xx_HAL_Driver/stm32g4xx_hal_uart_ex.o
 .rodata.numerator.1
                0x08008d1c        0x8 ./Drivers/STM32G4xx_HAL_Driver/stm32g4xx_hal_uart_ex.o
                0x08008d24                        . = ALIGN (0x4)

.ARM.extab      0x08008d24        0x0
                0x08008d24                        . = ALIGN (0x4)
 *(.ARM.extab* .gnu.linkonce.armextab.*)
                0x08008d24                        . = ALIGN (0x4)

.ARM            0x08008d24        0x8
                0x08008d24                        . = ALIGN (0x4)
                0x08008d24                        __exidx_start = .
 *(.ARM.exidx*)
 .ARM.exidx     0x08008d24        0x8 C:/ST/STM32CubeIDE_1.16.0/STM32CubeIDE/plugins/com.st.stm32cube.ide.mcu.externaltools.gnu-tools-for-stm32.12.3.rel1.win32_1.0.200.202406191623/tools/bin/../lib/gcc/arm-none-eabi/12.3.1/thumb/v7e-m+fp/hard\libgcc.a(_udivmoddi4.o)
                0x08008d2c                        __exidx_end = .
                0x08008d2c                        . = ALIGN (0x4)

.preinit_array  0x08008d2c        0x0
                0x08008d2c                        . = ALIGN (0x4)
                0x08008d2c                        PROVIDE (__preinit_array_start = .)
 *(.preinit_array*)
                0x08008d2c                        PROVIDE (__preinit_array_end = .)
                0x08008d2c                        . = ALIGN (0x4)

.init_array     0x08008d2c        0x4
                0x08008d2c                        . = ALIGN (0x4)
                0x08008d2c                        PROVIDE (__init_array_start = .)
 *(SORT_BY_NAME(.init_array.*))
 *(.init_array*)
 .init_array    0x08008d2c        0x4 C:/ST/STM32CubeIDE_1.16.0/STM32CubeIDE/plugins/com.st.stm32cube.ide.mcu.externaltools.gnu-tools-for-stm32.12.3.rel1.win32_1.0.200.202406191623/tools/bin/../lib/gcc/arm-none-eabi/12.3.1/thumb/v7e-m+fp/hard/crtbegin.o
                0x08008d30                        PROVIDE (__init_array_end = .)
                0x08008d30                        . = ALIGN (0x4)

.fini_array     0x08008d30        0x4
                0x08008d30                        . = ALIGN (0x4)
                [!provide]                        PROVIDE (__fini_array_start = .)
 *(SORT_BY_NAME(.fini_array.*))
 *(.fini_array*)
 .fini_array    0x08008d30        0x4 C:/ST/STM32CubeIDE_1.16.0/STM32CubeIDE/plugins/com.st.stm32cube.ide.mcu.externaltools.gnu-tools-for-stm32.12.3.rel1.win32_1.0.200.202406191623/tools/bin/../lib/gcc/arm-none-eabi/12.3.1/thumb/v7e-m+fp/hard/crtbegin.o
                [!provide]                        PROVIDE (__fini_array_end = .)
                0x08008d34                        . = ALIGN (0x4)
                0x08008d34                        _sidata = LOADADDR (.data)

.rel.dyn        0x08008d34        0x0
 .rel.iplt      0x08008d34        0x0 C:/ST/STM32CubeIDE_1.16.0/STM32CubeIDE/plugins/com.st.stm32cube.ide.mcu.externaltools.gnu-tools-for-stm32.12.3.rel1.win32_1.0.200.202406191623/tools/bin/../lib/gcc/arm-none-eabi/12.3.1/thumb/v7e-m+fp/hard/crtbegin.o

.data           0x20000000      0x488 load address 0x08008d34
                0x20000000                        . = ALIGN (0x4)
                0x20000000                        _sdata = .
 *(.data)
 *(.data*)
 .data.Mci      0x20000000       0x24 ./Application/User/mc_config.o
                0x20000000                Mci
 .data.pSTC     0x20000024        0x4 ./Application/User/mc_config.o
                0x20000024                pSTC
 .data.PWM_Handle_M1
                0x20000028       0x34 ./Application/User/mc_config.o
                0x20000028                PWM_Handle_M1
 .data.Bemf_ADC_M1
                0x2000005c      0x100 ./Application/User/mc_config.o
                0x2000005c                Bemf_ADC_M1
 .data.RevUpControlM1
                0x2000015c       0x58 ./Application/User/mc_config.o
                0x2000015c                RevUpControlM1
 .data.SpeednTorqCtrlM1
                0x200001b4       0x30 ./Application/User/mc_config.o
                0x200001b4                SpeednTorqCtrlM1
 .data.PIDSpeedHandle_M1
                0x200001e4       0x2c ./Application/User/mc_config.o
                0x200001e4                PIDSpeedHandle_M1
 .data.BusVoltageSensor_M1
                0x20000210       0x1c ./Application/User/mc_config_common.o
                0x20000210                BusVoltageSensor_M1
 .data.VbusRegConv_M1
                0x2000022c       0x10 ./Application/User/mc_config_common.o
                0x2000022c                VbusRegConv_M1
 .data.TempSensor_M1
                0x2000023c       0x1c ./Application/User/mc_config_common.o
                0x2000023c                TempSensor_M1
 .data.TempRegConv_M1
                0x20000258       0x10 ./Application/User/mc_config_common.o
                0x20000258                TempRegConv_M1
 .data.VirtualSpeedSensorM1
                0x20000268       0x38 ./Application/User/mc_config_common.o
                0x20000268                VirtualSpeedSensorM1
 .data.ApplicationConfig_reg
                0x200002a0        0x4 ./Application/User/mc_configuration_registers.o
                0x200002a0                ApplicationConfig_reg
 .data.MotorConfig_reg
                0x200002a4        0x4 ./Application/User/mc_configuration_registers.o
                0x200002a4                MotorConfig_reg
 .data.SixStepConfig_reg
                0x200002a8        0x4 ./Application/User/mc_configuration_registers.o
                0x200002a8                SixStepConfig_reg
 .data.PWR_BOARD_NAME
                0x200002ac        0x4 ./Application/User/mc_configuration_registers.o
                0x200002ac                PWR_BOARD_NAME
 .data.scaleParams_M1
                0x200002b0       0x10 ./Application/User/mc_parameters.o
                0x200002b0                scaleParams_M1
 .data.SixPwm_TimerCfgM1
                0x200002c0       0xf4 ./Application/User/mc_parameters.o
                0x200002c0                SixPwm_TimerCfgM1
 .data.MCPA_UART_A
                0x200003b4       0x2c ./Application/User/mcp_config.o
                0x200003b4                MCPA_UART_A
 .data.MCP_Over_UartA
                0x200003e0       0x10 ./Application/User/mcp_config.o
                0x200003e0                MCP_Over_UartA
 .data.aspepOverUartA
                0x200003f0       0x74 ./Application/User/mcp_config.o
                0x200003f0                aspepOverUartA
 .data.UASPEP_A
                0x20000464       0x14 ./Application/User/mcp_config.o
 .data.SystickDividerCounter.0
                0x20000478        0x1 ./Application/User/stm32_mc_common_it.o
 *fill*         0x20000479        0x3 
 .data.SystemCoreClock
                0x2000047c        0x4 ./Drivers/CMSIS/system_stm32g4xx.o
                0x2000047c                SystemCoreClock
 .data.uwTickFreq
                0x20000480        0x4 ./Drivers/STM32G4xx_HAL_Driver/stm32g4xx_hal.o
                0x20000480                uwTickFreq
 .data.uwTickPrio
                0x20000484        0x4 ./Drivers/STM32G4xx_HAL_Driver/stm32g4xx_hal.o
                0x20000484                uwTickPrio
 *(.RamFunc)
 *(.RamFunc*)
                0x20000488                        . = ALIGN (0x4)
                0x20000488                        _edata = .

.igot.plt       0x20000488        0x0 load address 0x080091bc
 .igot.plt      0x20000488        0x0 C:/ST/STM32CubeIDE_1.16.0/STM32CubeIDE/plugins/com.st.stm32cube.ide.mcu.externaltools.gnu-tools-for-stm32.12.3.rel1.win32_1.0.200.202406191623/tools/bin/../lib/gcc/arm-none-eabi/12.3.1/thumb/v7e-m+fp/hard/crtbegin.o
                0x20000488                        . = ALIGN (0x4)

.bss            0x20000488     0x15f4 load address 0x080091bc
                0x20000488                        _sbss = .
                0x20000488                        __bss_start__ = _sbss
 *(.bss)
 .bss           0x20000488       0x1c C:/ST/STM32CubeIDE_1.16.0/STM32CubeIDE/plugins/com.st.stm32cube.ide.mcu.externaltools.gnu-tools-for-stm32.12.3.rel1.win32_1.0.200.202406191623/tools/bin/../lib/gcc/arm-none-eabi/12.3.1/thumb/v7e-m+fp/hard/crtbegin.o
 *(.bss*)
 .bss.hdma_usart2_tx
                0x200004a4       0x60 ./Application/User/main.o
                0x200004a4                hdma_usart2_tx
 .bss.hdma_usart2_rx
                0x20000504       0x60 ./Application/User/main.o
                0x20000504                hdma_usart2_rx
 .bss.huart2    0x20000564       0x94 ./Application/User/main.o
                0x20000564                huart2
 .bss.htim2     0x200005f8       0x4c ./Application/User/main.o
                0x200005f8                htim2
 .bss.htim1     0x20000644       0x4c ./Application/User/main.o
                0x20000644                htim1
 .bss.hadc2     0x20000690       0x6c ./Application/User/main.o
                0x20000690                hadc2
 .bss.hadc1     0x200006fc       0x6c ./Application/User/main.o
                0x200006fc                hadc1
 .bss.SixStepVars
                0x20000768        0x8 ./Application/User/mc_config.o
                0x20000768                SixStepVars
 .bss.pwmcHandle
                0x20000770        0x4 ./Application/User/mc_config_common.o
                0x20000770                pwmcHandle
 .bss.RealBusVoltageSensorFilterBufferM1
                0x20000774        0xc ./Application/User/mc_config_common.o
 .bss.bMCBootCompleted
                0x20000780        0x1 ./Application/User/mc_tasks.o
 *fill*         0x20000781        0x1 
 .bss.hStopPermanencyCounterM1
                0x20000782        0x2 ./Application/User/mc_tasks.o
 .bss.hBootCapDelayCounterM1
                0x20000784        0x2 ./Application/User/mc_tasks.o
 .bss.hMFTaskCounterM1
                0x20000786        0x2 ./Application/User/mc_tasks.o
 .bss.MCP_UserCallBack
                0x20000788        0x8 ./Application/User/mcp_config.o
                0x20000788                MCP_UserCallBack
 .bss.dataSizeTableBuffA
                0x20000790        0xa ./Application/User/mcp_config.o
 *fill*         0x2000079a        0x2 
 .bss.dataSizeTableA
                0x2000079c        0xa ./Application/User/mcp_config.o
 *fill*         0x200007a6        0x2 
 .bss.dataPtrTableBuffA
                0x200007a8       0x28 ./Application/User/mcp_config.o
 .bss.dataPtrTableA
                0x200007d0       0x28 ./Application/User/mcp_config.o
 .bss.MCPAsyncBuffUARTA_B
                0x200007f8      0x806 ./Application/User/mcp_config.o
 *fill*         0x20000ffe        0x2 
 .bss.MCPAsyncBuffUARTA_A
                0x20001000      0x806 ./Application/User/mcp_config.o
 *fill*         0x20001806        0x2 
 .bss.MCPSyncRXBuff
                0x20001808      0x102 ./Application/User/mcp_config.o
 *fill*         0x2000190a        0x2 
 .bss.MCPSyncTxBuff
                0x2000190c      0x106 ./Application/User/mcp_config.o
 *fill*         0x20001a12        0x2 
 .bss.pMCI      0x20001a14        0x4 ./Application/User/motorcontrol.o
                0x20001a14                pMCI
 .bss.nullData16.0
                0x20001a18        0x2 ./Application/User/register_interface.o
 *fill*         0x20001a1a        0x2 
 .bss.RCM_UserConvHandle
                0x20001a1c        0x4 ./Application/User/regular_conversion_manager.o
 .bss.RCM_UserConvState
                0x20001a20        0x1 ./Application/User/regular_conversion_manager.o
 *fill*         0x20001a21        0x1 
 .bss.RCM_UserConvValue
                0x20001a22        0x2 ./Application/User/regular_conversion_manager.o
 .bss.RCM_currentHandle
                0x20001a24        0x1 ./Application/User/regular_conversion_manager.o
 *fill*         0x20001a25        0x3 
 .bss.RCM_NoInj_array
                0x20001a28       0x18 ./Application/User/regular_conversion_manager.o
 .bss.RCM_CB_array
                0x20001a40       0x20 ./Application/User/regular_conversion_manager.o
 .bss.RCM_handle_array
                0x20001a60       0x10 ./Application/User/regular_conversion_manager.o
 .bss.HAL_RCC_ADC12_CLK_ENABLED
                0x20001a70        0x4 ./Application/User/stm32g4xx_hal_msp.o
 .bss.uwTick    0x20001a74        0x4 ./Drivers/STM32G4xx_HAL_Driver/stm32g4xx_hal.o
                0x20001a74                uwTick
 .bss.GLOBAL_TIMESTAMP
                0x20001a78        0x4 ./Middlewares/MotorControl/mcpa.o
                0x20001a78                GLOBAL_TIMESTAMP
 *(COMMON)
                0x20001a7c                        . = ALIGN (0x4)
                0x20001a7c                        _ebss = .
                0x20001a7c                        __bss_end__ = _ebss

._user_heap_stack
                0x20001a7c      0x604 load address 0x080091bc
                0x20001a80                        . = ALIGN (0x8)
 *fill*         0x20001a7c        0x4 
                [!provide]                        PROVIDE (end = .)
                0x20001a80                        PROVIDE (_end = .)
                0x20001c80                        . = (. + _Min_Heap_Size)
 *fill*         0x20001a80      0x200 
                0x20002080                        . = (. + _Min_Stack_Size)
 *fill*         0x20001c80      0x400 
                0x20002080                        . = ALIGN (0x8)

/DISCARD/
 libc.a(*)
 libm.a(*)
 libgcc.a(*)

.ARM.attributes
                0x00000000       0x30
 *(.ARM.attributes)
 .ARM.attributes
                0x00000000       0x22 C:/ST/STM32CubeIDE_1.16.0/STM32CubeIDE/plugins/com.st.stm32cube.ide.mcu.externaltools.gnu-tools-for-stm32.12.3.rel1.win32_1.0.200.202406191623/tools/bin/../lib/gcc/arm-none-eabi/12.3.1/thumb/v7e-m+fp/hard/crti.o
 .ARM.attributes
                0x00000022       0x34 C:/ST/STM32CubeIDE_1.16.0/STM32CubeIDE/plugins/com.st.stm32cube.ide.mcu.externaltools.gnu-tools-for-stm32.12.3.rel1.win32_1.0.200.202406191623/tools/bin/../lib/gcc/arm-none-eabi/12.3.1/thumb/v7e-m+fp/hard/crtbegin.o
 .ARM.attributes
                0x00000056       0x21 ./Application/Startup/startup_stm32g474retx.o
 .ARM.attributes
                0x00000077       0x30 ./Application/User/aspep.o
 .ARM.attributes
                0x000000a7       0x30 ./Application/User/main.o
 .ARM.attributes
                0x000000d7       0x30 ./Application/User/mc_api.o
 .ARM.attributes
                0x00000107       0x30 ./Application/User/mc_app_hooks.o
 .ARM.attributes
                0x00000137       0x30 ./Application/User/mc_config.o
 .ARM.attributes
                0x00000167       0x30 ./Application/User/mc_config_common.o
 .ARM.attributes
                0x00000197       0x30 ./Application/User/mc_configuration_registers.o
 .ARM.attributes
                0x000001c7       0x30 ./Application/User/mc_interface.o
 .ARM.attributes
                0x000001f7       0x30 ./Application/User/mc_parameters.o
 .ARM.attributes
                0x00000227       0x30 ./Application/User/mc_tasks.o
 .ARM.attributes
                0x00000257       0x30 ./Application/User/mc_tasks_sixstep.o
 .ARM.attributes
                0x00000287       0x30 ./Application/User/mcp.o
 .ARM.attributes
                0x000002b7       0x30 ./Application/User/mcp_config.o
 .ARM.attributes
                0x000002e7       0x30 ./Application/User/motorcontrol.o
 .ARM.attributes
                0x00000317       0x30 ./Application/User/register_interface.o
 .ARM.attributes
                0x00000347       0x30 ./Application/User/regular_conversion_manager.o
 .ARM.attributes
                0x00000377       0x30 ./Application/User/stm32_mc_common_it.o
 .ARM.attributes
                0x000003a7       0x30 ./Application/User/stm32g4xx_hal_msp.o
 .ARM.attributes
                0x000003d7       0x30 ./Application/User/stm32g4xx_mc_it.o
 .ARM.attributes
                0x00000407       0x30 ./Application/User/usart_aspep_driver.o
 .ARM.attributes
                0x00000437       0x30 ./Drivers/CMSIS/system_stm32g4xx.o
 .ARM.attributes
                0x00000467       0x30 ./Drivers/STM32G4xx_HAL_Driver/stm32g4xx_hal.o
 .ARM.attributes
                0x00000497       0x30 ./Drivers/STM32G4xx_HAL_Driver/stm32g4xx_hal_adc.o
 .ARM.attributes
                0x000004c7       0x30 ./Drivers/STM32G4xx_HAL_Driver/stm32g4xx_hal_adc_ex.o
 .ARM.attributes
                0x000004f7       0x30 ./Drivers/STM32G4xx_HAL_Driver/stm32g4xx_hal_cortex.o
 .ARM.attributes
                0x00000527       0x30 ./Drivers/STM32G4xx_HAL_Driver/stm32g4xx_hal_dma.o
 .ARM.attributes
                0x00000557       0x30 ./Drivers/STM32G4xx_HAL_Driver/stm32g4xx_hal_gpio.o
 .ARM.attributes
                0x00000587       0x30 ./Drivers/STM32G4xx_HAL_Driver/stm32g4xx_hal_pwr_ex.o
 .ARM.attributes
                0x000005b7       0x30 ./Drivers/STM32G4xx_HAL_Driver/stm32g4xx_hal_rcc.o
 .ARM.attributes
                0x000005e7       0x30 ./Drivers/STM32G4xx_HAL_Driver/stm32g4xx_hal_rcc_ex.o
 .ARM.attributes
                0x00000617       0x30 ./Drivers/STM32G4xx_HAL_Driver/stm32g4xx_hal_tim.o
 .ARM.attributes
                0x00000647       0x30 ./Drivers/STM32G4xx_HAL_Driver/stm32g4xx_hal_tim_ex.o
 .ARM.attributes
                0x00000677       0x30 ./Drivers/STM32G4xx_HAL_Driver/stm32g4xx_hal_uart.o
 .ARM.attributes
                0x000006a7       0x30 ./Drivers/STM32G4xx_HAL_Driver/stm32g4xx_hal_uart_ex.o
 .ARM.attributes
                0x000006d7       0x30 ./Middlewares/MotorControl/bus_voltage_sensor.o
 .ARM.attributes
                0x00000707       0x30 ./Middlewares/MotorControl/g4xx_bemf_ADC_fdbk.o
 .ARM.attributes
                0x00000737       0x30 ./Middlewares/MotorControl/mcpa.o
 .ARM.attributes
                0x00000767       0x30 ./Middlewares/MotorControl/ntc_temperature_sensor.o
 .ARM.attributes
                0x00000797       0x30 ./Middlewares/MotorControl/pid_regulator.o
 .ARM.attributes
                0x000007c7       0x30 ./Middlewares/MotorControl/pwmc_sixstep.o
 .ARM.attributes
                0x000007f7       0x30 ./Middlewares/MotorControl/r_divider_bus_voltage_sensor.o
 .ARM.attributes
                0x00000827       0x30 ./Middlewares/MotorControl/revup_ctrl_sixstep.o
 .ARM.attributes
                0x00000857       0x30 ./Middlewares/MotorControl/speed_ctrl.o
 .ARM.attributes
                0x00000887       0x30 ./Middlewares/MotorControl/speed_pos_fdbk.o
 .ARM.attributes
                0x000008b7       0x30 ./Middlewares/MotorControl/virtual_speed_sensor.o
 .ARM.attributes
                0x000008e7       0x34 C:/ST/STM32CubeIDE_1.16.0/STM32CubeIDE/plugins/com.st.stm32cube.ide.mcu.externaltools.gnu-tools-for-stm32.12.3.rel1.win32_1.0.200.202406191623/tools/bin/../lib/gcc/arm-none-eabi/12.3.1/../../../../arm-none-eabi/lib/thumb/v7e-m+fp/hard\libc_nano.a(libc_a-memset.o)
 .ARM.attributes
                0x0000091b       0x34 C:/ST/STM32CubeIDE_1.16.0/STM32CubeIDE/plugins/com.st.stm32cube.ide.mcu.externaltools.gnu-tools-for-stm32.12.3.rel1.win32_1.0.200.202406191623/tools/bin/../lib/gcc/arm-none-eabi/12.3.1/../../../../arm-none-eabi/lib/thumb/v7e-m+fp/hard\libc_nano.a(libc_a-init.o)
 .ARM.attributes
                0x0000094f       0x34 C:/ST/STM32CubeIDE_1.16.0/STM32CubeIDE/plugins/com.st.stm32cube.ide.mcu.externaltools.gnu-tools-for-stm32.12.3.rel1.win32_1.0.200.202406191623/tools/bin/../lib/gcc/arm-none-eabi/12.3.1/../../../../arm-none-eabi/lib/thumb/v7e-m+fp/hard\libc_nano.a(libc_a-memcpy-stub.o)
 .ARM.attributes
                0x00000983       0x22 C:/ST/STM32CubeIDE_1.16.0/STM32CubeIDE/plugins/com.st.stm32cube.ide.mcu.externaltools.gnu-tools-for-stm32.12.3.rel1.win32_1.0.200.202406191623/tools/bin/../lib/gcc/arm-none-eabi/12.3.1/thumb/v7e-m+fp/hard\libgcc.a(_arm_muldf3.o)
 .ARM.attributes
                0x000009a5       0x22 C:/ST/STM32CubeIDE_1.16.0/STM32CubeIDE/plugins/com.st.stm32cube.ide.mcu.externaltools.gnu-tools-for-stm32.12.3.rel1.win32_1.0.200.202406191623/tools/bin/../lib/gcc/arm-none-eabi/12.3.1/thumb/v7e-m+fp/hard\libgcc.a(_arm_addsubdf3.o)
 .ARM.attributes
                0x000009c7       0x22 C:/ST/STM32CubeIDE_1.16.0/STM32CubeIDE/plugins/com.st.stm32cube.ide.mcu.externaltools.gnu-tools-for-stm32.12.3.rel1.win32_1.0.200.202406191623/tools/bin/../lib/gcc/arm-none-eabi/12.3.1/thumb/v7e-m+fp/hard\libgcc.a(_arm_fixunsdfsi.o)
 .ARM.attributes
                0x000009e9       0x22 C:/ST/STM32CubeIDE_1.16.0/STM32CubeIDE/plugins/com.st.stm32cube.ide.mcu.externaltools.gnu-tools-for-stm32.12.3.rel1.win32_1.0.200.202406191623/tools/bin/../lib/gcc/arm-none-eabi/12.3.1/thumb/v7e-m+fp/hard\libgcc.a(_aeabi_uldivmod.o)
 .ARM.attributes
                0x00000a0b       0x34 C:/ST/STM32CubeIDE_1.16.0/STM32CubeIDE/plugins/com.st.stm32cube.ide.mcu.externaltools.gnu-tools-for-stm32.12.3.rel1.win32_1.0.200.202406191623/tools/bin/../lib/gcc/arm-none-eabi/12.3.1/thumb/v7e-m+fp/hard\libgcc.a(_udivmoddi4.o)
 .ARM.attributes
                0x00000a3f       0x22 C:/ST/STM32CubeIDE_1.16.0/STM32CubeIDE/plugins/com.st.stm32cube.ide.mcu.externaltools.gnu-tools-for-stm32.12.3.rel1.win32_1.0.200.202406191623/tools/bin/../lib/gcc/arm-none-eabi/12.3.1/thumb/v7e-m+fp/hard\libgcc.a(_dvmd_tls.o)
 .ARM.attributes
                0x00000a61       0x22 C:/ST/STM32CubeIDE_1.16.0/STM32CubeIDE/plugins/com.st.stm32cube.ide.mcu.externaltools.gnu-tools-for-stm32.12.3.rel1.win32_1.0.200.202406191623/tools/bin/../lib/gcc/arm-none-eabi/12.3.1/thumb/v7e-m+fp/hard/crtn.o
OUTPUT(V3.elf elf32-littlearm)
LOAD linker stubs
LOAD C:/ST/STM32CubeIDE_1.16.0/STM32CubeIDE/plugins/com.st.stm32cube.ide.mcu.externaltools.gnu-tools-for-stm32.12.3.rel1.win32_1.0.200.202406191623/tools/bin/../lib/gcc/arm-none-eabi/12.3.1/../../../../arm-none-eabi/lib/thumb/v7e-m+fp/hard\libc.a
LOAD C:/ST/STM32CubeIDE_1.16.0/STM32CubeIDE/plugins/com.st.stm32cube.ide.mcu.externaltools.gnu-tools-for-stm32.12.3.rel1.win32_1.0.200.202406191623/tools/bin/../lib/gcc/arm-none-eabi/12.3.1/../../../../arm-none-eabi/lib/thumb/v7e-m+fp/hard\libm.a
LOAD C:/ST/STM32CubeIDE_1.16.0/STM32CubeIDE/plugins/com.st.stm32cube.ide.mcu.externaltools.gnu-tools-for-stm32.12.3.rel1.win32_1.0.200.202406191623/tools/bin/../lib/gcc/arm-none-eabi/12.3.1/thumb/v7e-m+fp/hard\libgcc.a

.debug_line     0x00000000    0x3e406
 .debug_line    0x00000000       0x7b ./Application/Startup/startup_stm32g474retx.o
 .debug_line    0x0000007b     0x15fe ./Application/User/aspep.o
 .debug_line    0x00001679     0x172a ./Application/User/main.o
 .debug_line    0x00002da3      0xd61 ./Application/User/mc_api.o
 .debug_line    0x00003b04      0x937 ./Application/User/mc_app_hooks.o
 .debug_line    0x0000443b      0xbbf ./Application/User/mc_config.o
 .debug_line    0x00004ffa      0xbc6 ./Application/User/mc_config_common.o
 .debug_line    0x00005bc0      0xaff ./Application/User/mc_configuration_registers.o
 .debug_line    0x000066bf     0x11e6 ./Application/User/mc_interface.o
 .debug_line    0x000078a5      0xbb0 ./Application/User/mc_parameters.o
 .debug_line    0x00008455     0x1179 ./Application/User/mc_tasks.o
 .debug_line    0x000095ce     0x11d8 ./Application/User/mc_tasks_sixstep.o
 .debug_line    0x0000a7a6     0x108f ./Application/User/mcp.o
 .debug_line    0x0000b835      0xa1c ./Application/User/mcp_config.o
 .debug_line    0x0000c251      0xbfb ./Application/User/motorcontrol.o
 .debug_line    0x0000ce4c     0x1f70 ./Application/User/register_interface.o
 .debug_line    0x0000edbc     0x153b ./Application/User/regular_conversion_manager.o
 .debug_line    0x000102f7     0x10ad ./Application/User/stm32_mc_common_it.o
 .debug_line    0x000113a4     0x1176 ./Application/User/stm32g4xx_hal_msp.o
 .debug_line    0x0001251a      0xe18 ./Application/User/stm32g4xx_mc_it.o
 .debug_line    0x00013332      0xfe3 ./Application/User/usart_aspep_driver.o
 .debug_line    0x00014315      0x890 ./Drivers/CMSIS/system_stm32g4xx.o
 .debug_line    0x00014ba5      0xd10 ./Drivers/STM32G4xx_HAL_Driver/stm32g4xx_hal.o
 .debug_line    0x000158b5     0x31fc ./Drivers/STM32G4xx_HAL_Driver/stm32g4xx_hal_adc.o
 .debug_line    0x00018ab1     0x2b67 ./Drivers/STM32G4xx_HAL_Driver/stm32g4xx_hal_adc_ex.o
 .debug_line    0x0001b618      0xe39 ./Drivers/STM32G4xx_HAL_Driver/stm32g4xx_hal_cortex.o
 .debug_line    0x0001c451     0x140f ./Drivers/STM32G4xx_HAL_Driver/stm32g4xx_hal_dma.o
 .debug_line    0x0001d860      0xdb9 ./Drivers/STM32G4xx_HAL_Driver/stm32g4xx_hal_gpio.o
 .debug_line    0x0001e619      0xf4d ./Drivers/STM32G4xx_HAL_Driver/stm32g4xx_hal_pwr_ex.o
 .debug_line    0x0001f566     0x1481 ./Drivers/STM32G4xx_HAL_Driver/stm32g4xx_hal_rcc.o
 .debug_line    0x000209e7     0x1712 ./Drivers/STM32G4xx_HAL_Driver/stm32g4xx_hal_rcc_ex.o
 .debug_line    0x000220f9     0x6a9d ./Drivers/STM32G4xx_HAL_Driver/stm32g4xx_hal_tim.o
 .debug_line    0x00028b96     0x2958 ./Drivers/STM32G4xx_HAL_Driver/stm32g4xx_hal_tim_ex.o
 .debug_line    0x0002b4ee     0x6e84 ./Drivers/STM32G4xx_HAL_Driver/stm32g4xx_hal_uart.o
 .debug_line    0x00032372     0x14bd ./Drivers/STM32G4xx_HAL_Driver/stm32g4xx_hal_uart_ex.o
 .debug_line    0x0003382f      0x9d5 ./Middlewares/MotorControl/bus_voltage_sensor.o
 .debug_line    0x00034204     0x1fee ./Middlewares/MotorControl/g4xx_bemf_ADC_fdbk.o
 .debug_line    0x000361f2     0x11b5 ./Middlewares/MotorControl/mcpa.o
 .debug_line    0x000373a7      0xb68 ./Middlewares/MotorControl/ntc_temperature_sensor.o
 .debug_line    0x00037f0f      0xe04 ./Middlewares/MotorControl/pid_regulator.o
 .debug_line    0x00038d13     0x1405 ./Middlewares/MotorControl/pwmc_sixstep.o
 .debug_line    0x0003a118      0xbe5 ./Middlewares/MotorControl/r_divider_bus_voltage_sensor.o
 .debug_line    0x0003acfd      0xe99 ./Middlewares/MotorControl/revup_ctrl_sixstep.o
 .debug_line    0x0003bb96      0xe79 ./Middlewares/MotorControl/speed_ctrl.o
 .debug_line    0x0003ca0f      0xb2b ./Middlewares/MotorControl/speed_pos_fdbk.o
 .debug_line    0x0003d53a      0xecc ./Middlewares/MotorControl/virtual_speed_sensor.o

.debug_line_str
                0x00000000       0x73
 .debug_line_str
                0x00000000       0x73 ./Application/Startup/startup_stm32g474retx.o

.debug_info     0x00000000    0x3ef92
 .debug_info    0x00000000       0x30 ./Application/Startup/startup_stm32g474retx.o
 .debug_info    0x00000030     0x10f8 ./Application/User/aspep.o
 .debug_info    0x00001128     0x2e91 ./Application/User/main.o
 .debug_info    0x00003fb9     0x124a ./Application/User/mc_api.o
 .debug_info    0x00005203      0x1dd ./Application/User/mc_app_hooks.o
 .debug_info    0x000053e0     0x17a0 ./Application/User/mc_config.o
 .debug_info    0x00006b80      0xd97 ./Application/User/mc_config_common.o
 .debug_info    0x00007917      0x585 ./Application/User/mc_configuration_registers.o
 .debug_info    0x00007e9c     0x16f5 ./Application/User/mc_interface.o
 .debug_info    0x00009591      0x889 ./Application/User/mc_parameters.o
 .debug_info    0x00009e1a     0x2175 ./Application/User/mc_tasks.o
 .debug_info    0x0000bf8f     0x25de ./Application/User/mc_tasks_sixstep.o
 .debug_info    0x0000e56d     0x142e ./Application/User/mcp.o
 .debug_info    0x0000f99b      0xaf4 ./Application/User/mcp_config.o
 .debug_info    0x0001048f     0x10a7 ./Application/User/motorcontrol.o
 .debug_info    0x00011536     0x2ed6 ./Application/User/register_interface.o
 .debug_info    0x0001440c     0x162e ./Application/User/regular_conversion_manager.o
 .debug_info    0x00015a3a     0x12af ./Application/User/stm32_mc_common_it.o
 .debug_info    0x00016ce9     0x1ecc ./Application/User/stm32g4xx_hal_msp.o
 .debug_info    0x00018bb5     0x131e ./Application/User/stm32g4xx_mc_it.o
 .debug_info    0x00019ed3     0x1234 ./Application/User/usart_aspep_driver.o
 .debug_info    0x0001b107      0x5a7 ./Drivers/CMSIS/system_stm32g4xx.o
 .debug_info    0x0001b6ae      0xdf5 ./Drivers/STM32G4xx_HAL_Driver/stm32g4xx_hal.o
 .debug_info    0x0001c4a3     0x35e3 ./Drivers/STM32G4xx_HAL_Driver/stm32g4xx_hal_adc.o
 .debug_info    0x0001fa86     0x2e21 ./Drivers/STM32G4xx_HAL_Driver/stm32g4xx_hal_adc_ex.o
 .debug_info    0x000228a7     0x1090 ./Drivers/STM32G4xx_HAL_Driver/stm32g4xx_hal_cortex.o
 .debug_info    0x00023937      0xa4e ./Drivers/STM32G4xx_HAL_Driver/stm32g4xx_hal_dma.o
 .debug_info    0x00024385      0x799 ./Drivers/STM32G4xx_HAL_Driver/stm32g4xx_hal_gpio.o
 .debug_info    0x00024b1e      0x993 ./Drivers/STM32G4xx_HAL_Driver/stm32g4xx_hal_pwr_ex.o
 .debug_info    0x000254b1      0xed9 ./Drivers/STM32G4xx_HAL_Driver/stm32g4xx_hal_rcc.o
 .debug_info    0x0002638a      0xd76 ./Drivers/STM32G4xx_HAL_Driver/stm32g4xx_hal_rcc_ex.o
 .debug_info    0x00027100     0x4faa ./Drivers/STM32G4xx_HAL_Driver/stm32g4xx_hal_tim.o
 .debug_info    0x0002c0aa     0x2593 ./Drivers/STM32G4xx_HAL_Driver/stm32g4xx_hal_tim_ex.o
 .debug_info    0x0002e63d     0x784f ./Drivers/STM32G4xx_HAL_Driver/stm32g4xx_hal_uart.o
 .debug_info    0x00035e8c     0x13d2 ./Drivers/STM32G4xx_HAL_Driver/stm32g4xx_hal_uart_ex.o
 .debug_info    0x0003725e      0x2c5 ./Middlewares/MotorControl/bus_voltage_sensor.o
 .debug_info    0x00037523     0x26df ./Middlewares/MotorControl/g4xx_bemf_ADC_fdbk.o
 .debug_info    0x00039c02      0x717 ./Middlewares/MotorControl/mcpa.o
 .debug_info    0x0003a319      0x507 ./Middlewares/MotorControl/ntc_temperature_sensor.o
 .debug_info    0x0003a820      0x8da ./Middlewares/MotorControl/pid_regulator.o
 .debug_info    0x0003b0fa     0x1642 ./Middlewares/MotorControl/pwmc_sixstep.o
 .debug_info    0x0003c73c      0x454 ./Middlewares/MotorControl/r_divider_bus_voltage_sensor.o
 .debug_info    0x0003cb90      0xe68 ./Middlewares/MotorControl/revup_ctrl_sixstep.o
 .debug_info    0x0003d9f8      0x91a ./Middlewares/MotorControl/speed_ctrl.o
 .debug_info    0x0003e312      0x500 ./Middlewares/MotorControl/speed_pos_fdbk.o
 .debug_info    0x0003e812      0x780 ./Middlewares/MotorControl/virtual_speed_sensor.o

.debug_abbrev   0x00000000     0x7b9e
 .debug_abbrev  0x00000000       0x24 ./Application/Startup/startup_stm32g474retx.o
 .debug_abbrev  0x00000024      0x3a4 ./Application/User/aspep.o
 .debug_abbrev  0x000003c8      0x3cc ./Application/User/main.o
 .debug_abbrev  0x00000794      0x26a ./Application/User/mc_api.o
 .debug_abbrev  0x000009fe       0x98 ./Application/User/mc_app_hooks.o
 .debug_abbrev  0x00000a96      0x1b6 ./Application/User/mc_config.o
 .debug_abbrev  0x00000c4c      0x17e ./Application/User/mc_config_common.o
 .debug_abbrev  0x00000dca      0x10a ./Application/User/mc_configuration_registers.o
 .debug_abbrev  0x00000ed4      0x3b4 ./Application/User/mc_interface.o
 .debug_abbrev  0x00001288      0x131 ./Application/User/mc_parameters.o
 .debug_abbrev  0x000013b9      0x407 ./Application/User/mc_tasks.o
 .debug_abbrev  0x000017c0      0x40a ./Application/User/mc_tasks_sixstep.o
 .debug_abbrev  0x00001bca      0x322 ./Application/User/mcp.o
 .debug_abbrev  0x00001eec      0x1c7 ./Application/User/mcp_config.o
 .debug_abbrev  0x000020b3      0x24a ./Application/User/motorcontrol.o
 .debug_abbrev  0x000022fd      0x44b ./Application/User/register_interface.o
 .debug_abbrev  0x00002748      0x3fe ./Application/User/regular_conversion_manager.o
 .debug_abbrev  0x00002b46      0x34d ./Application/User/stm32_mc_common_it.o
 .debug_abbrev  0x00002e93      0x2e3 ./Application/User/stm32g4xx_hal_msp.o
 .debug_abbrev  0x00003176      0x2b2 ./Application/User/stm32g4xx_mc_it.o
 .debug_abbrev  0x00003428      0x2ca ./Application/User/usart_aspep_driver.o
 .debug_abbrev  0x000036f2      0x120 ./Drivers/CMSIS/system_stm32g4xx.o
 .debug_abbrev  0x00003812      0x2dd ./Drivers/STM32G4xx_HAL_Driver/stm32g4xx_hal.o
 .debug_abbrev  0x00003aef      0x355 ./Drivers/STM32G4xx_HAL_Driver/stm32g4xx_hal_adc.o
 .debug_abbrev  0x00003e44      0x3d3 ./Drivers/STM32G4xx_HAL_Driver/stm32g4xx_hal_adc_ex.o
 .debug_abbrev  0x00004217      0x387 ./Drivers/STM32G4xx_HAL_Driver/stm32g4xx_hal_cortex.o
 .debug_abbrev  0x0000459e      0x2af ./Drivers/STM32G4xx_HAL_Driver/stm32g4xx_hal_dma.o
 .debug_abbrev  0x0000484d      0x1fb ./Drivers/STM32G4xx_HAL_Driver/stm32g4xx_hal_gpio.o
 .debug_abbrev  0x00004a48      0x281 ./Drivers/STM32G4xx_HAL_Driver/stm32g4xx_hal_pwr_ex.o
 .debug_abbrev  0x00004cc9      0x352 ./Drivers/STM32G4xx_HAL_Driver/stm32g4xx_hal_rcc.o
 .debug_abbrev  0x0000501b      0x2ce ./Drivers/STM32G4xx_HAL_Driver/stm32g4xx_hal_rcc_ex.o
 .debug_abbrev  0x000052e9      0x3d9 ./Drivers/STM32G4xx_HAL_Driver/stm32g4xx_hal_tim.o
 .debug_abbrev  0x000056c2      0x3d0 ./Drivers/STM32G4xx_HAL_Driver/stm32g4xx_hal_tim_ex.o
 .debug_abbrev  0x00005a92      0x4b8 ./Drivers/STM32G4xx_HAL_Driver/stm32g4xx_hal_uart.o
 .debug_abbrev  0x00005f4a      0x360 ./Drivers/STM32G4xx_HAL_Driver/stm32g4xx_hal_uart_ex.o
 .debug_abbrev  0x000062aa      0x10c ./Middlewares/MotorControl/bus_voltage_sensor.o
 .debug_abbrev  0x000063b6      0x483 ./Middlewares/MotorControl/g4xx_bemf_ADC_fdbk.o
 .debug_abbrev  0x00006839      0x2a4 ./Middlewares/MotorControl/mcpa.o
 .debug_abbrev  0x00006add      0x23d ./Middlewares/MotorControl/ntc_temperature_sensor.o
 .debug_abbrev  0x00006d1a      0x1b1 ./Middlewares/MotorControl/pid_regulator.o
 .debug_abbrev  0x00006ecb      0x320 ./Middlewares/MotorControl/pwmc_sixstep.o
 .debug_abbrev  0x000071eb      0x161 ./Middlewares/MotorControl/r_divider_bus_voltage_sensor.o
 .debug_abbrev  0x0000734c      0x2b4 ./Middlewares/MotorControl/revup_ctrl_sixstep.o
 .debug_abbrev  0x00007600      0x217 ./Middlewares/MotorControl/speed_ctrl.o
 .debug_abbrev  0x00007817      0x175 ./Middlewares/MotorControl/speed_pos_fdbk.o
 .debug_abbrev  0x0000798c      0x212 ./Middlewares/MotorControl/virtual_speed_sensor.o

.debug_aranges  0x00000000     0x1ad8
 .debug_aranges
                0x00000000       0x28 ./Application/Startup/startup_stm32g474retx.o
 .debug_aranges
                0x00000028       0x60 ./Application/User/aspep.o
 .debug_aranges
                0x00000088       0x30 ./Application/User/main.o
 .debug_aranges
                0x000000b8       0xc8 ./Application/User/mc_api.o
 .debug_aranges
                0x00000180       0x28 ./Application/User/mc_app_hooks.o
 .debug_aranges